Archive member included to satisfy reference by file (symbol)

build/packag-simcom_application/simcom_application.lib(simcom_application.o)
                              (--whole-archive)
build/packag-simcom_demo/simcom_demo.lib(demo_mqtt.o)
                              (--whole-archive)
build/packag-simcom_demo/simcom_demo.lib(demo_file_system.o)
                              (--whole-archive)
build/packag-simcom_demo/simcom_demo.lib(demo_ftps.o)
                              (--whole-archive)
build/packag-simcom_demo/simcom_demo.lib(demo_ftps_test.o)
                              (--whole-archive)
build/packag-simcom_demo/simcom_demo.lib(demo_uart.o)
                              (--whole-archive)
build/packag-simcom_demo/simcom_demo.lib(demo_ssl.o)
                              (--whole-archive)
build/packag-simcom_demo/simcom_demo.lib(demo_htp.o)
                              (--whole-archive)
build/packag-simcom_demo/simcom_demo.lib(demo_network.o)
                              (--whole-archive)
build/packag-simcom_demo/simcom_demo.lib(demo_ntp.o)
                              (--whole-archive)
build/packag-simcom_demo/simcom_demo.lib(demo_simcard.o)
                              (--whole-archive)
build/packag-simcom_demo/simcom_demo.lib(demo_sms.o)
                              (--whole-archive)
build/packag-simcom_demo/simcom_demo.lib(demo_tcpip.o)
                              (--whole-archive)
build/packag-simcom_demo/simcom_demo.lib(demo_https.o)
                              (--whole-archive)
build/packag-simcom_demo/simcom_demo.lib(cus_urc.o)
                              (--whole-archive)
build/packag-simcom_demo/simcom_demo.lib(cus_uart.o)
                              (--whole-archive)
build/packag-simcom_demo/simcom_demo.lib(cus_usb_vcom.o)
                              (--whole-archive)
build/packag-simcom_demo/simcom_demo.lib(cus_key.o)
                              (--whole-archive)
build/packag-simcom_demo/simcom_demo.lib(demo_gpio.o)
                              (--whole-archive)
build/packag-simcom_demo/simcom_demo.lib(demo_flash.o)
                              (--whole-archive)
build/packag-simcom_demo/simcom_demo.lib(demo_audio.o)
                              (--whole-archive)
build/packag-simcom_demo/simcom_demo.lib(demo_tts.o)
                              (--whole-archive)
build/packag-simcom_demo/simcom_demo.lib(demo_version.o)
                              (--whole-archive)
build/packag-simcom_demo/simcom_demo.lib(simcom_demo.o)
                              (--whole-archive)
build/packag-simcom_demo/simcom_demo.lib(demo_loc.o)
                              (--whole-archive)
build/packag-simcom_demo/simcom_demo.lib(demo_app_download.o)
                              (--whole-archive)
build/packag-simcom_demo/simcom_demo.lib(demo_encrypt.o)
                              (--whole-archive)
build/packag-simcom_demo/simcom_demo.lib(demo_cjson.o)
                              (--whole-archive)
build/packag-simcom_demo/simcom_demo.lib(demo_helloworld.o)
                              (--whole-archive)
build/packag-simcom_demo/simcom_demo.lib(demo_at.o)
                              (--whole-archive)
build/packag-simcom_demo/simcom_demo.lib(demo_i2c.o)
                              (--whole-archive)
build/packag-simcom_demo/simcom_demo.lib(demo_spi.o)
                              (--whole-archive)
build/packag-simcom_demo/simcom_demo.lib(demo_ping.o)
                              (--whole-archive)
build/packag-simcom_demo/simcom_demo.lib(demo_call.o)
                              (--whole-archive)
build/packag-simcom_demo/simcom_demo.lib(demo_wifi.o)
                              (--whole-archive)
build/packag-simcom_demo/simcom_demo.lib(demo_gps.o)
                              (--whole-archive)
build/packag-simcom_demo/simcom_demo.lib(demo_lcd.o)
                              (--whole-archive)
build/packag-simcom_demo/simcom_demo.lib(core_auth.o)
                              (--whole-archive)
build/packag-simcom_demo/simcom_demo.lib(core_sha256.o)
                              (--whole-archive)
build/packag-simcom_demo/simcom_demo.lib(core_string.o)
                              (--whole-archive)
build/packag-simcom_demo/simcom_demo.lib(demo_fota.o)
                              (--whole-archive)
build/packag-simcom_demo/simcom_demo.lib(mqtt_OneNET.o)
                              (--whole-archive)
build/packag-simcom_demo/simcom_demo.lib(mqtt_tencent.o)
                              (--whole-archive)
build/packag-simcom_demo/simcom_demo.lib(onenet_base64.o)
                              (--whole-archive)
build/packag-simcom_demo/simcom_demo.lib(onenet_hmac_sha1.o)
                              (--whole-archive)
build/packag-simcom_demo/simcom_demo.lib(onenet_md5.o)
                              (--whole-archive)
build/packag-simcom_demo/simcom_demo.lib(token.o)
                              (--whole-archive)
build/packag-simcom_demo/simcom_demo.lib(demo_loc_test.o)
[...]
Memory Configuration

Name             Origin             Length             Attributes
ram              0x7e900000         0x00080000         rw
*default*        0x00000000         0xffffffff

Linker script and memory map

                0x7e900000                . = 0x7e900000

.appRegTable    0x7e900000        0x4
                [!provide]                PROVIDE (__appRegTable_start__ = .)
 *(.appRegTable)
 .appRegTable   0x7e900000        0x4 build/packag-simcom_application/simcom_application.lib(simcom_application.o)
                0x7e900000                helloworldapp_entry
                [!provide]                PROVIDE (__appRegTable_end__ = .)

.text           0x7e900008      0xe08
 *(.text)
 .text          0x7e900008       0xec E:\BMS_IOT\Firmware\PKG_BMS_IOT\sc_app\..\sc_tool\cross_tool\gcc-arm-none-eabi\arm-none-eabi\lib\thumb\v7-ar\libc.a(lib_a-memcpy.o)
                0x7e900008                memcpy
 *fill*         0x7e9000f4        0x4 
 .text          0x7e9000f8      0x278 E:\BMS_IOT\Firmware\PKG_BMS_IOT\sc_app\..\sc_tool\cross_tool\gcc-arm-none-eabi\lib\gcc\arm-none-eabi\7.3.1\thumb\v7-ar\libgcc.a(_udivsi3.o)
                0x7e9000f8                __aeabi_uidiv
                0x7e9000f8                __udivsi3
                0x7e900354                __aeabi_uidivmod
 .text          0x7e900370        0x4 E:\BMS_IOT\Firmware\PKG_BMS_IOT\sc_app\..\sc_tool\cross_tool\gcc-arm-none-eabi\lib\gcc\arm-none-eabi\7.3.1\thumb\v7-ar\libgcc.a(_dvmd_tls.o)
                0x7e900370                __aeabi_idiv0
                0x7e900370                __aeabi_ldiv0
 .text          0x7e900374      0x378 E:\BMS_IOT\Firmware\PKG_BMS_IOT\sc_app\..\sc_tool\cross_tool\gcc-arm-none-eabi\lib\gcc\arm-none-eabi\7.3.1\thumb\v7-ar\libgcc.a(_arm_addsubdf3.o)
                0x7e900374                __aeabi_drsub
                0x7e90037c                __aeabi_dsub
                0x7e90037c                __subdf3
                0x7e900380                __aeabi_dadd
                0x7e900380                __adddf3
                0x7e9005f8                __floatunsidf
                0x7e9005f8                __aeabi_ui2d
                0x7e900618                __floatsidf
                0x7e900618                __aeabi_i2d
                0x7e90063c                __aeabi_f2d
                0x7e90063c                __extendsfdf2
                0x7e900680                __floatundidf
                0x7e900680                __aeabi_ul2d
                0x7e900690                __floatdidf
                0x7e900690                __aeabi_l2d
 .text          0x7e9006ec      0x424 E:\BMS_IOT\Firmware\PKG_BMS_IOT\sc_app\..\sc_tool\cross_tool\gcc-arm-none-eabi\lib\gcc\arm-none-eabi\7.3.1\thumb\v7-ar\libgcc.a(_arm_muldivdf3.o)
                0x7e9006ec                __aeabi_dmul
                0x7e9006ec                __muldf3
                0x7e900940                __divdf3
                0x7e900940                __aeabi_ddiv
 .text          0x7e900b10      0x110 E:\BMS_IOT\Firmware\PKG_BMS_IOT\sc_app\..\sc_tool\cross_tool\gcc-arm-none-eabi\lib\gcc\arm-none-eabi\7.3.1\thumb\v7-ar\libgcc.a(_arm_cmpdf2.o)
                0x7e900b10                __gtdf2
                0x7e900b10                __gedf2
                0x7e900b18                __ltdf2
                0x7e900b18                __ledf2
                0x7e900b20                __nedf2
                0x7e900b20                __eqdf2
                0x7e900b20                __cmpdf2
                0x7e900b9c                __aeabi_cdrcmple
                0x7e900bac                __aeabi_cdcmpeq
                0x7e900bac                __aeabi_cdcmple
                0x7e900bbc                __aeabi_dcmpeq
                0x7e900bd0                __aeabi_dcmplt
                0x7e900be4                __aeabi_dcmple
                0x7e900bf8                __aeabi_dcmpge
                0x7e900c0c                __aeabi_dcmpgt
 .text          0x7e900c20       0x2c E:\BMS_IOT\Firmware\PKG_BMS_IOT\sc_app\..\sc_tool\cross_tool\gcc-arm-none-eabi\lib\gcc\arm-none-eabi\7.3.1\thumb\v7-ar\libgcc.a(_arm_unorddf2.o)
                0x7e900c20                __unorddf2
                0x7e900c20                __aeabi_dcmpun
 .text          0x7e900c4c       0x50 E:\BMS_IOT\Firmware\PKG_BMS_IOT\sc_app\..\sc_tool\cross_tool\gcc-arm-none-eabi\lib\gcc\arm-none-eabi\7.3.1\thumb\v7-ar\libgcc.a(_arm_fixdfsi.o)
                0x7e900c4c                __aeabi_d2iz
                0x7e900c4c                __fixdfsi
 .text          0x7e900c9c       0x30 E:\BMS_IOT\Firmware\PKG_BMS_IOT\sc_app\..\sc_tool\cross_tool\gcc-arm-none-eabi\lib\gcc\arm-none-eabi\7.3.1\thumb\v7-ar\libgcc.a(_aeabi_uldivmod.o)
                0x7e900c9c                __aeabi_uldivmod
 .text          0x7e900ccc      0x144 E:\BMS_IOT\Firmware\PKG_BMS_IOT\sc_app\..\sc_tool\cross_tool\gcc-arm-none-eabi\lib\gcc\arm-none-eabi\7.3.1\thumb\v7-ar\libgcc.a(_udivmoddi4.o)
                0x7e900ccc                __udivmoddi4

.glue_7         0x7e900e10        0x0
 .glue_7        0x7e900e10        0x0 linker stubs

.glue_7t        0x7e900e10        0x0
 .glue_7t       0x7e900e10        0x0 linker stubs

.vfp11_veneer   0x7e900e10        0x0
 .vfp11_veneer  0x7e900e10        0x0 linker stubs

.v4_bx          0x7e900e10        0x0
 .v4_bx         0x7e900e10        0x0 linker stubs

.text.Application
                0x7e900e10       0x84
 .text.Application
                0x7e900e10       0x84 build/packag-simcom_application/simcom_application.lib(simcom_application.o)

.iplt           0x7e900e94        0x0
 .iplt          0x7e900e94        0x0 build/packag-simcom_application/simcom_application.lib(simcom_application.o)

.text.sTask_UrcProcesser
                0x7e900e94      0x3b4
 .text.sTask_UrcProcesser
                0x7e900e94      0x3b4 build/packag-simcom_demo/simcom_demo.lib(cus_urc.o)
                0x7e900e94                sTask_UrcProcesser

.text.sAPP_UrcTask
                0x7e901248       0x54
 .text.sAPP_UrcTask
                0x7e901248       0x54 build/packag-simcom_demo/simcom_demo.lib(cus_urc.o)
                0x7e901248                sAPP_UrcTask

.text.Uart2CBFunc
                0x7e90129c       0x48
 .text.Uart2CBFunc
                0x7e90129c       0x48 build/packag-simcom_demo/simcom_demo.lib(cus_uart.o)
                0x7e90129c                Uart2CBFunc

.text.Uart3CBFuncEx
                0x7e9012e4       0x4c
 .text.Uart3CBFuncEx
                0x7e9012e4       0x4c build/packag-simcom_demo/simcom_demo.lib(cus_uart.o)
                0x7e9012e4                Uart3CBFuncEx

.text.sendMsgToUIDemo
                0x7e901330       0x78
 .text.sendMsgToUIDemo
                0x7e901330       0x78 build/packag-simcom_demo/simcom_demo.lib(cus_uart.o)
                0x7e901330                sendMsgToUIDemo

.text.UartCBFunc
                0x7e9013a8       0x4c
 .text.UartCBFunc
                0x7e9013a8       0x4c build/packag-simcom_demo/simcom_demo.lib(cus_uart.o)
                0x7e9013a8                UartCBFunc

.text.sAPP_UartTask
                0x7e9013f4       0xf0
 .text.sAPP_UartTask
                0x7e9013f4       0xf0 build/packag-simcom_demo/simcom_demo.lib(cus_uart.o)
                0x7e9013f4                sAPP_UartTask

.text.UsbVcomCBFuncEx
                0x7e9014e4       0x54
 .text.UsbVcomCBFuncEx
                0x7e9014e4       0x54 build/packag-simcom_demo/simcom_demo.lib(cus_usb_vcom.o)
                0x7e9014e4                UsbVcomCBFuncEx

.text.sAPP_UsbVcomTask
                0x7e901538       0x2c
 .text.sAPP_UsbVcomTask
                0x7e901538       0x2c build/packag-simcom_demo/simcom_demo.lib(cus_usb_vcom.o)
                0x7e901538                sAPP_UsbVcomTask

.text.PowerKeyIntCBFunc
                0x7e901564       0x28
 .text.PowerKeyIntCBFunc
                0x7e901564       0x28 build/packag-simcom_demo/simcom_demo.lib(cus_key.o)
                0x7e901564                PowerKeyIntCBFunc

.text.sAPP_KeyTask
                0x7e90158c       0x2c
 .text.sAPP_KeyTask
                0x7e90158c       0x2c build/packag-simcom_demo/simcom_demo.lib(cus_key.o)
                0x7e90158c                sAPP_KeyTask

.text.sTask_SimcomUIProcesser
                0x7e9015b8        0xc
 .text.sTask_SimcomUIProcesser
                0x7e9015b8        0xc build/packag-simcom_demo/simcom_demo.lib(simcom_demo.o)
                0x7e9015b8                sTask_SimcomUIProcesser

.text.sAPP_SimcomUIDemo
                0x7e9015c4       0xa4
 .text.sAPP_SimcomUIDemo
                0x7e9015c4       0xa4 build/packag-simcom_demo/simcom_demo.lib(simcom_demo.o)
                0x7e9015c4                sAPP_SimcomUIDemo

.text.simcom_printf
                0x7e901668       0x4c
 .text.simcom_printf
                0x7e901668       0x4c build/packag-simcom_demo/simcom_demo.lib(demo_helloworld.o)
                0x7e901668                simcom_printf

.text.sTask_HelloWorldProcesser
                0x7e9016b8       0x44
 .text.sTask_HelloWorldProcesser
                0x7e9016b8       0x44 build/packag-simcom_demo/simcom_demo.lib(demo_helloworld.o)
                0x7e9016b8                sTask_HelloWorldProcesser

.text.sAPP_HelloWorldDemo
                0x7e9016fc       0x50
 .text.sAPP_HelloWorldDemo
                0x7e9016fc       0x50 build/packag-simcom_demo/simcom_demo.lib(demo_helloworld.o)
                0x7e9016fc                sAPP_HelloWorldDemo

.text.GetCSQ    0x7e90174c       0x6c
 .text.GetCSQ   0x7e90174c       0x6c build/packag-simcom_demo/simcom_demo.lib(di_config.o)
                0x7e90174c                GetCSQ

.text.Publish_array
                0x7e9017b8       0x78
 .text.Publish_array
                0x7e9017b8       0x78 build/packag-simcom_demo/simcom_demo.lib(di_config.o)
                0x7e9017b8                Publish_array

.text.addMsg    0x7e901830       0x20
 .text.addMsg   0x7e901830       0x20 build/packag-simcom_demo/simcom_demo.lib(di_config.o)
                0x7e901830                addMsg

.text.otaUpdate
                0x7e901850      0x134
 .text.otaUpdate
                0x7e901850      0x134 build/packag-simcom_demo/simcom_demo.lib(di_config.o)
                0x7e901850                otaUpdate

.text.uart_send
                0x7e901984      0x3a4
 .text.uart_send
                0x7e901984      0x3a4 build/packag-simcom_demo/simcom_demo.lib(di_config.o)
                0x7e901984                uart_send

.text.uart_read
                0x7e901d28      0xaac
 .text.uart_read
                0x7e901d28      0xaac build/packag-simcom_demo/simcom_demo.lib(di_config.o)
                0x7e901d28                uart_read

.text.MqttReceive
                0x7e9027d4      0x1f8
 .text.MqttReceive
                0x7e9027d4      0x1f8 build/packag-simcom_demo/simcom_demo.lib(di_config.o)
                0x7e9027d4                MqttReceive

.text.di_config
                0x7e9029cc      0x488
 .text.di_config
                0x7e9029cc      0x488 build/packag-simcom_demo/simcom_demo.lib(di_config.o)
                0x7e9029cc                di_config

.text.get_sAPI  0x7e902e54     0x1254
 .text.get_sAPI
                0x7e902e54     0x1254 simcom_lib/libs/simcom_lib.lib(simcom_api.o)
                0x7e902e54                get_sAPI

.text.sAPI_Malloc
                0x7e9040a8       0x10
 .text.sAPI_Malloc
                0x7e9040a8       0x10 simcom_lib/libs/simcom_lib.lib(simcom_api.o)
                0x7e9040a8                sAPI_Malloc

.text.sAPI_Free
                0x7e9040b8       0x10
 .text.sAPI_Free
                0x7e9040b8       0x10 simcom_lib/libs/simcom_lib.lib(simcom_api.o)
                0x7e9040b8                sAPI_Free

.text._malloc_r
                0x7e9040c8        0xc
 .text._malloc_r
                0x7e9040c8        0xc simcom_lib/libs/simcom_lib.lib(simcom_api.o)
                0x7e9040c8                _malloc_r

.text._calloc_r
                0x7e9040d4       0x24
 .text._calloc_r
                0x7e9040d4       0x24 simcom_lib/libs/simcom_lib.lib(simcom_api.o)
                0x7e9040d4                _calloc_r

.text._realloc_r
                0x7e9040f8       0x30
 .text._realloc_r
                0x7e9040f8       0x30 simcom_lib/libs/simcom_lib.lib(simcom_api.o)
                0x7e9040f8                _realloc_r

.text._free_r   0x7e904128       0x10
 .text._free_r  0x7e904128       0x10 simcom_lib/libs/simcom_lib.lib(simcom_api.o)
                0x7e904128                _free_r

.text.atoi      0x7e904138        0x8
 .text.atoi     0x7e904138        0x8 E:\BMS_IOT\Firmware\PKG_BMS_IOT\sc_app\..\sc_tool\cross_tool\gcc-arm-none-eabi\arm-none-eabi\lib\thumb\v7-ar\libc.a(lib_a-atoi.o)
                0x7e904138                atoi

.text.__locale_ctype_ptr_l
                0x7e904140        0x8
 .text.__locale_ctype_ptr_l
                0x7e904140        0x8 E:\BMS_IOT\Firmware\PKG_BMS_IOT\sc_app\..\sc_tool\cross_tool\gcc-arm-none-eabi\arm-none-eabi\lib\thumb\v7-ar\libc.a(lib_a-locale.o)
                0x7e904140                __locale_ctype_ptr_l

.text.__ascii_mbtowc
                0x7e904148       0x24
 .text.__ascii_mbtowc
                0x7e904148       0x24 E:\BMS_IOT\Firmware\PKG_BMS_IOT\sc_app\..\sc_tool\cross_tool\gcc-arm-none-eabi\arm-none-eabi\lib\thumb\v7-ar\libc.a(lib_a-mbtowc_r.o)
                0x7e904148                __ascii_mbtowc

.text.memset    0x7e90416c       0x98
 .text.memset   0x7e90416c       0x98 E:\BMS_IOT\Firmware\PKG_BMS_IOT\sc_app\..\sc_tool\cross_tool\gcc-arm-none-eabi\arm-none-eabi\lib\thumb\v7-ar\libc.a(lib_a-memset.o)
                0x7e90416c                memset

.text.snprintf  0x7e904204       0x88
 .text.snprintf
                0x7e904204       0x88 E:\BMS_IOT\Firmware\PKG_BMS_IOT\sc_app\..\sc_tool\cross_tool\gcc-arm-none-eabi\arm-none-eabi\lib\thumb\v7-ar\libc.a(lib_a-snprintf.o)
                0x7e904204                snprintf

.text.sprintf   0x7e90428c       0x48
 .text.sprintf  0x7e90428c       0x48 E:\BMS_IOT\Firmware\PKG_BMS_IOT\sc_app\..\sc_tool\cross_tool\gcc-arm-none-eabi\arm-none-eabi\lib\thumb\v7-ar\libc.a(lib_a-sprintf.o)
                0x7e90428c                sprintf

.text.strcpy    0x7e9042d4       0xbc
 .text.strcpy   0x7e9042d4       0xbc E:\BMS_IOT\Firmware\PKG_BMS_IOT\sc_app\..\sc_tool\cross_tool\gcc-arm-none-eabi\arm-none-eabi\lib\thumb\v7-ar\libc.a(lib_a-strcpy.o)
                0x7e9042d4                strcpy

.text.strlen    0x7e904390       0x5c
 .text.strlen   0x7e904390       0x5c E:\BMS_IOT\Firmware\PKG_BMS_IOT\sc_app\..\sc_tool\cross_tool\gcc-arm-none-eabi\arm-none-eabi\lib\thumb\v7-ar\libc.a(lib_a-strlen-stub.o)
                0x7e904390                strlen

.text.strncmp   0x7e9043ec       0x94
 .text.strncmp  0x7e9043ec       0x94 E:\BMS_IOT\Firmware\PKG_BMS_IOT\sc_app\..\sc_tool\cross_tool\gcc-arm-none-eabi\arm-none-eabi\lib\thumb\v7-ar\libc.a(lib_a-strncmp.o)
                0x7e9043ec                strncmp

.text.strncpy   0x7e904480       0x70
 .text.strncpy  0x7e904480       0x70 E:\BMS_IOT\Firmware\PKG_BMS_IOT\sc_app\..\sc_tool\cross_tool\gcc-arm-none-eabi\arm-none-eabi\lib\thumb\v7-ar\libc.a(lib_a-strncpy.o)
                0x7e904480                strncpy

.text._strtol_l.isra.0
                0x7e9044f0      0x124
 .text._strtol_l.isra.0
                0x7e9044f0      0x124 E:\BMS_IOT\Firmware\PKG_BMS_IOT\sc_app\..\sc_tool\cross_tool\gcc-arm-none-eabi\arm-none-eabi\lib\thumb\v7-ar\libc.a(lib_a-strtol.o)

.text.strtol    0x7e904614       0x30
 .text.strtol   0x7e904614       0x30 E:\BMS_IOT\Firmware\PKG_BMS_IOT\sc_app\..\sc_tool\cross_tool\gcc-arm-none-eabi\arm-none-eabi\lib\thumb\v7-ar\libc.a(lib_a-strtol.o)
                0x7e904614                strtol

.text._svfprintf_r
                0x7e904644     0x19c0
 .text._svfprintf_r
                0x7e904644     0x19c0 E:\BMS_IOT\Firmware\PKG_BMS_IOT\sc_app\..\sc_tool\cross_tool\gcc-arm-none-eabi\arm-none-eabi\lib\thumb\v7-ar\libc.a(lib_a-svfprintf.o)
                0x7e904644                _svfprintf_r

.text.__ascii_wctomb
                0x7e906004       0x18
 .text.__ascii_wctomb
                0x7e906004       0x18 E:\BMS_IOT\Firmware\PKG_BMS_IOT\sc_app\..\sc_tool\cross_tool\gcc-arm-none-eabi\arm-none-eabi\lib\thumb\v7-ar\libc.a(lib_a-wctomb_r.o)
                0x7e906004                __ascii_wctomb

.text.quorem    0x7e90601c      0x140
 .text.quorem   0x7e90601c      0x140 E:\BMS_IOT\Firmware\PKG_BMS_IOT\sc_app\..\sc_tool\cross_tool\gcc-arm-none-eabi\arm-none-eabi\lib\thumb\v7-ar\libc.a(lib_a-dtoa.o)

.text._dtoa_r   0x7e906160      0xf14
 .text._dtoa_r  0x7e906160      0xf14 E:\BMS_IOT\Firmware\PKG_BMS_IOT\sc_app\..\sc_tool\cross_tool\gcc-arm-none-eabi\arm-none-eabi\lib\thumb\v7-ar\libc.a(lib_a-dtoa.o)
                0x7e906160                _dtoa_r

.text._localeconv_r
                0x7e907074       0x20
 .text._localeconv_r
                0x7e907074       0x20 E:\BMS_IOT\Firmware\PKG_BMS_IOT\sc_app\..\sc_tool\cross_tool\gcc-arm-none-eabi\arm-none-eabi\lib\thumb\v7-ar\libc.a(lib_a-localeconv.o)
                0x7e907074                _localeconv_r

.text.memchr    0x7e907094       0x8c
 .text.memchr   0x7e907094       0x8c E:\BMS_IOT\Firmware\PKG_BMS_IOT\sc_app\..\sc_tool\cross_tool\gcc-arm-none-eabi\arm-none-eabi\lib\thumb\v7-ar\libc.a(lib_a-memchr-stub.o)
                0x7e907094                memchr

.text._Balloc   0x7e907120       0x4c
 .text._Balloc  0x7e907120       0x4c E:\BMS_IOT\Firmware\PKG_BMS_IOT\sc_app\..\sc_tool\cross_tool\gcc-arm-none-eabi\arm-none-eabi\lib\thumb\v7-ar\libc.a(lib_a-mprec.o)
                0x7e907120                _Balloc

.text._Bfree    0x7e90716c       0x14
 .text._Bfree   0x7e90716c       0x14 E:\BMS_IOT\Firmware\PKG_BMS_IOT\sc_app\..\sc_tool\cross_tool\gcc-arm-none-eabi\arm-none-eabi\lib\thumb\v7-ar\libc.a(lib_a-mprec.o)
                0x7e90716c                _Bfree

.text.__multadd
                0x7e907180       0x88
 .text.__multadd
                0x7e907180       0x88 E:\BMS_IOT\Firmware\PKG_BMS_IOT\sc_app\..\sc_tool\cross_tool\gcc-arm-none-eabi\arm-none-eabi\lib\thumb\v7-ar\libc.a(lib_a-mprec.o)
                0x7e907180                __multadd

.text.__hi0bits
                0x7e907208       0x3c
 .text.__hi0bits
                0x7e907208       0x3c E:\BMS_IOT\Firmware\PKG_BMS_IOT\sc_app\..\sc_tool\cross_tool\gcc-arm-none-eabi\arm-none-eabi\lib\thumb\v7-ar\libc.a(lib_a-mprec.o)
                0x7e907208                __hi0bits

.text.__lo0bits
                0x7e907244       0x5c
 .text.__lo0bits
                0x7e907244       0x5c E:\BMS_IOT\Firmware\PKG_BMS_IOT\sc_app\..\sc_tool\cross_tool\gcc-arm-none-eabi\arm-none-eabi\lib\thumb\v7-ar\libc.a(lib_a-mprec.o)
                0x7e907244                __lo0bits

.text.__i2b     0x7e9072a0       0x14
 .text.__i2b    0x7e9072a0       0x14 E:\BMS_IOT\Firmware\PKG_BMS_IOT\sc_app\..\sc_tool\cross_tool\gcc-arm-none-eabi\arm-none-eabi\lib\thumb\v7-ar\libc.a(lib_a-mprec.o)
                0x7e9072a0                __i2b

.text.__multiply
                0x7e9072b4      0x158
 .text.__multiply
                0x7e9072b4      0x158 E:\BMS_IOT\Firmware\PKG_BMS_IOT\sc_app\..\sc_tool\cross_tool\gcc-arm-none-eabi\arm-none-eabi\lib\thumb\v7-ar\libc.a(lib_a-mprec.o)
                0x7e9072b4                __multiply

.text.__pow5mult
                0x7e90740c       0xa4
 .text.__pow5mult
                0x7e90740c       0xa4 E:\BMS_IOT\Firmware\PKG_BMS_IOT\sc_app\..\sc_tool\cross_tool\gcc-arm-none-eabi\arm-none-eabi\lib\thumb\v7-ar\libc.a(lib_a-mprec.o)
                0x7e90740c                __pow5mult

.text.__lshift  0x7e9074b0       0xb8
 .text.__lshift
                0x7e9074b0       0xb8 E:\BMS_IOT\Firmware\PKG_BMS_IOT\sc_app\..\sc_tool\cross_tool\gcc-arm-none-eabi\arm-none-eabi\lib\thumb\v7-ar\libc.a(lib_a-mprec.o)
                0x7e9074b0                __lshift

.text.__mcmp    0x7e907568       0x38
 .text.__mcmp   0x7e907568       0x38 E:\BMS_IOT\Firmware\PKG_BMS_IOT\sc_app\..\sc_tool\cross_tool\gcc-arm-none-eabi\arm-none-eabi\lib\thumb\v7-ar\libc.a(lib_a-mprec.o)
                0x7e907568                __mcmp

.text.__mdiff   0x7e9075a0      0x108
 .text.__mdiff  0x7e9075a0      0x108 E:\BMS_IOT\Firmware\PKG_BMS_IOT\sc_app\..\sc_tool\cross_tool\gcc-arm-none-eabi\arm-none-eabi\lib\thumb\v7-ar\libc.a(lib_a-mprec.o)
                0x7e9075a0                __mdiff

.text.__d2b     0x7e9076a8       0xac
 .text.__d2b    0x7e9076a8       0xac E:\BMS_IOT\Firmware\PKG_BMS_IOT\sc_app\..\sc_tool\cross_tool\gcc-arm-none-eabi\arm-none-eabi\lib\thumb\v7-ar\libc.a(lib_a-mprec.o)
                0x7e9076a8                __d2b

.text.frexp     0x7e907754       0x68
 .text.frexp    0x7e907754       0x68 E:\BMS_IOT\Firmware\PKG_BMS_IOT\sc_app\..\sc_tool\cross_tool\gcc-arm-none-eabi\arm-none-eabi\lib\thumb\v7-ar\libc.a(lib_a-s_frexp.o)
                0x7e907754                frexp

.text.__ssprint_r
                0x7e9077bc       0xf8
 .text.__ssprint_r
                0x7e9077bc       0xf8 E:\BMS_IOT\Firmware\PKG_BMS_IOT\sc_app\..\sc_tool\cross_tool\gcc-arm-none-eabi\arm-none-eabi\lib\thumb\v7-ar\libc.a(lib_a-svfiprintf.o)
                0x7e9077bc                __ssprint_r

.text.memmove   0x7e9078b4       0xc8
 .text.memmove  0x7e9078b4       0xc8 E:\BMS_IOT\Firmware\PKG_BMS_IOT\sc_app\..\sc_tool\cross_tool\gcc-arm-none-eabi\arm-none-eabi\lib\thumb\v7-ar\libc.a(lib_a-memmove.o)
                0x7e9078b4                memmove

.rodata         0x7e90797c        0xb
 *(.rodata)
 .rodata        0x7e90797c        0xb build/packag-simcom_demo/simcom_demo.lib(di_config.o)

.rodata.Application.str1.1
                0x7e907987       0x52
 .rodata.Application.str1.1
                0x7e907987       0x52 build/packag-simcom_application/simcom_application.lib(simcom_application.o)

.rodata.__func__.9069
                0x7e9079d9       0x13
 .rodata.__func__.9069
                0x7e9079d9       0x13 build/packag-simcom_demo/simcom_demo.lib(cus_urc.o)

.rodata.sAPP_UrcTask.str1.1
                0x7e9079ec       0x26
 .rodata.sAPP_UrcTask.str1.1
                0x7e9079ec       0x26 build/packag-simcom_demo/simcom_demo.lib(cus_urc.o)

.rodata.sTask_UrcProcesser.str1.1
                0x7e907a12      0x33d
 .rodata.sTask_UrcProcesser.str1.1
                0x7e907a12      0x33d build/packag-simcom_demo/simcom_demo.lib(cus_urc.o)

.rodata.Uart2CBFunc.str1.1
                0x7e907d4f       0x23
 .rodata.Uart2CBFunc.str1.1
                0x7e907d4f       0x23 build/packag-simcom_demo/simcom_demo.lib(cus_uart.o)

.rodata.Uart3CBFuncEx.str1.1
                0x7e907d72       0x23
 .rodata.Uart3CBFuncEx.str1.1
                0x7e907d72       0x23 build/packag-simcom_demo/simcom_demo.lib(cus_uart.o)

.rodata.__func__.9073
                0x7e907d95        0xc
 .rodata.__func__.9073
                0x7e907d95        0xc build/packag-simcom_demo/simcom_demo.lib(cus_uart.o)

.rodata.__func__.9096
                0x7e907da1        0xe
 .rodata.__func__.9096
                0x7e907da1        0xe build/packag-simcom_demo/simcom_demo.lib(cus_uart.o)

.rodata.__func__.9103
                0x7e907daf        0xe
 .rodata.__func__.9103
                0x7e907daf        0xe build/packag-simcom_demo/simcom_demo.lib(cus_uart.o)

.rodata.sAPP_UartTask.str1.1
                0x7e907dbd       0xab
 .rodata.sAPP_UartTask.str1.1
                0x7e907dbd       0xab build/packag-simcom_demo/simcom_demo.lib(cus_uart.o)

.rodata.sendMsgToUIDemo.str1.1
                0x7e907e68       0x1d
 .rodata.sendMsgToUIDemo.str1.1
                0x7e907e68       0x1d build/packag-simcom_demo/simcom_demo.lib(cus_uart.o)

.rodata.UsbVcomCBFuncEx.str1.1
                0x7e907e85       0x26
 .rodata.UsbVcomCBFuncEx.str1.1
                0x7e907e85       0x26 build/packag-simcom_demo/simcom_demo.lib(cus_usb_vcom.o)

.rodata.__func__.9058
                0x7e907eab       0x10
 .rodata.__func__.9058
                0x7e907eab       0x10 build/packag-simcom_demo/simcom_demo.lib(cus_usb_vcom.o)

.rodata.sAPP_UsbVcomTask.str1.1
                0x7e907ebb       0x2b
 .rodata.sAPP_UsbVcomTask.str1.1
                0x7e907ebb       0x2b build/packag-simcom_demo/simcom_demo.lib(cus_usb_vcom.o)

.rodata.PowerKeyIntCBFunc.str1.1
                0x7e907ee6       0x10
 .rodata.PowerKeyIntCBFunc.str1.1
                0x7e907ee6       0x10 build/packag-simcom_demo/simcom_demo.lib(cus_key.o)

.rodata.__func__.9048
                0x7e907ef6       0x12
 .rodata.__func__.9048
                0x7e907ef6       0x12 build/packag-simcom_demo/simcom_demo.lib(cus_key.o)

.rodata.__func__.9052
                0x7e907f08        0xd
 .rodata.__func__.9052
                0x7e907f08        0xd build/packag-simcom_demo/simcom_demo.lib(cus_key.o)

.rodata.sAPP_KeyTask.str1.1
                0x7e907f15        0x9
 .rodata.sAPP_KeyTask.str1.1
                0x7e907f15        0x9 build/packag-simcom_demo/simcom_demo.lib(cus_key.o)

.rodata.sAPP_SimcomUIDemo.str1.1
                0x7e907f1e       0x6c
 .rodata.sAPP_SimcomUIDemo.str1.1
                0x7e907f1e       0x6c build/packag-simcom_demo/simcom_demo.lib(simcom_demo.o)

.rodata.sAPP_HelloWorldDemo.str1.1
                0x7e907f8a       0x33
 .rodata.sAPP_HelloWorldDemo.str1.1
                0x7e907f8a       0x33 build/packag-simcom_demo/simcom_demo.lib(demo_helloworld.o)

.rodata.sTask_HelloWorldProcesser.str1.1
                0x7e907fbd       0x28
 .rodata.sTask_HelloWorldProcesser.str1.1
                0x7e907fbd       0x28 build/packag-simcom_demo/simcom_demo.lib(demo_helloworld.o)

.rodata.simcom_printf.str1.1
                0x7e907fe5       0x13
 .rodata.simcom_printf.str1.1
                0x7e907fe5       0x13 build/packag-simcom_demo/simcom_demo.lib(demo_helloworld.o)

.rodata.GetCSQ.str1.1
                0x7e907ff8       0x2d
 .rodata.GetCSQ.str1.1
                0x7e907ff8       0x2d build/packag-simcom_demo/simcom_demo.lib(di_config.o)

.rodata.MqttReceive.str1.1
                0x7e908025       0x39
 .rodata.MqttReceive.str1.1
                0x7e908025       0x39 build/packag-simcom_demo/simcom_demo.lib(di_config.o)

.rodata.Publish_array.str1.1
                0x7e90805e        0xc
 .rodata.Publish_array.str1.1
                0x7e90805e        0xc build/packag-simcom_demo/simcom_demo.lib(di_config.o)

.rodata.di_config.str1.1
                0x7e90806a       0xf4
 .rodata.di_config.str1.1
                0x7e90806a       0xf4 build/packag-simcom_demo/simcom_demo.lib(di_config.o)
                                 0xf7 (size before relaxing)

.rodata.otaUpdate.str1.1
                0x7e90815e       0x99
 .rodata.otaUpdate.str1.1
                0x7e90815e       0x99 build/packag-simcom_demo/simcom_demo.lib(di_config.o)

.rodata.uart_read.str1.1
                0x7e9081f7      0x2f4
 .rodata.uart_read.str1.1
                0x7e9081f7      0x2f4 build/packag-simcom_demo/simcom_demo.lib(di_config.o)
                                0x306 (size before relaxing)

.rodata.uart_send.str1.1
                0x7e9084eb       0xaa
 .rodata.uart_send.str1.1
                0x7e9084eb       0xaa build/packag-simcom_demo/simcom_demo.lib(di_config.o)

.rodata._setlocale_r.str1.4
                0x7e908598       0x10
 .rodata._setlocale_r.str1.4
                0x7e908598       0x10 E:\BMS_IOT\Firmware\PKG_BMS_IOT\sc_app\..\sc_tool\cross_tool\gcc-arm-none-eabi\arm-none-eabi\lib\thumb\v7-ar\libc.a(lib_a-locale.o)
                                  0xd (size before relaxing)

.rodata.str1.4  0x7e9085a8        0x4
 .rodata.str1.4
                0x7e9085a8        0x4 E:\BMS_IOT\Firmware\PKG_BMS_IOT\sc_app\..\sc_tool\cross_tool\gcc-arm-none-eabi\arm-none-eabi\lib\thumb\v7-ar\libc.a(lib_a-locale.o)
                                  0x2 (size before relaxing)

.rodata._svfprintf_r.str1.4
                0x7e9085ac       0x44
 .rodata._svfprintf_r.str1.4
                0x7e9085ac       0x44 E:\BMS_IOT\Firmware\PKG_BMS_IOT\sc_app\..\sc_tool\cross_tool\gcc-arm-none-eabi\arm-none-eabi\lib\thumb\v7-ar\libc.a(lib_a-svfprintf.o)
                                 0x42 (size before relaxing)

.rodata.blanks.7315
                0x7e9085f0       0x10
 .rodata.blanks.7315
                0x7e9085f0       0x10 E:\BMS_IOT\Firmware\PKG_BMS_IOT\sc_app\..\sc_tool\cross_tool\gcc-arm-none-eabi\arm-none-eabi\lib\thumb\v7-ar\libc.a(lib_a-svfprintf.o)

.rodata.zeroes.7316
                0x7e908600       0x10
 .rodata.zeroes.7316
                0x7e908600       0x10 E:\BMS_IOT\Firmware\PKG_BMS_IOT\sc_app\..\sc_tool\cross_tool\gcc-arm-none-eabi\arm-none-eabi\lib\thumb\v7-ar\libc.a(lib_a-svfprintf.o)

.rodata._ctype_
                0x7e908610      0x101
 .rodata._ctype_
                0x7e908610      0x101 E:\BMS_IOT\Firmware\PKG_BMS_IOT\sc_app\..\sc_tool\cross_tool\gcc-arm-none-eabi\arm-none-eabi\lib\thumb\v7-ar\libc.a(lib_a-ctype_.o)
                0x7e908610                _ctype_

.rodata._dtoa_r.str1.4
                0x7e908714       0x14
 .rodata._dtoa_r.str1.4
                0x7e908714       0x14 E:\BMS_IOT\Firmware\PKG_BMS_IOT\sc_app\..\sc_tool\cross_tool\gcc-arm-none-eabi\arm-none-eabi\lib\thumb\v7-ar\libc.a(lib_a-dtoa.o)
                                 0x12 (size before relaxing)

.rodata.__mprec_bigtens
                0x7e908728       0x28
 .rodata.__mprec_bigtens
                0x7e908728       0x28 E:\BMS_IOT\Firmware\PKG_BMS_IOT\sc_app\..\sc_tool\cross_tool\gcc-arm-none-eabi\arm-none-eabi\lib\thumb\v7-ar\libc.a(lib_a-mprec.o)
                0x7e908728                __mprec_bigtens

.rodata.__mprec_tens
                0x7e908750       0xc8
 .rodata.__mprec_tens
                0x7e908750       0xc8 E:\BMS_IOT\Firmware\PKG_BMS_IOT\sc_app\..\sc_tool\cross_tool\gcc-arm-none-eabi\arm-none-eabi\lib\thumb\v7-ar\libc.a(lib_a-mprec.o)
                0x7e908750                __mprec_tens

.rodata.p05.6092
                0x7e908818        0xc
 .rodata.p05.6092
                0x7e908818        0xc E:\BMS_IOT\Firmware\PKG_BMS_IOT\sc_app\..\sc_tool\cross_tool\gcc-arm-none-eabi\arm-none-eabi\lib\thumb\v7-ar\libc.a(lib_a-mprec.o)

.data           0x7e908824        0x0
                [!provide]                PROVIDE (__data_load = LOADADDR (.data))
                [!provide]                PROVIDE (__data_start = .)
 *(.data)
                [!provide]                PROVIDE (_edata = .)

.igot.plt       0x7e908824        0x0
 .igot.plt      0x7e908824        0x0 build/packag-simcom_application/simcom_application.lib(simcom_application.o)

.data.gUrcProcessTaskStack
                0x7e908824      0xc00
 .data.gUrcProcessTaskStack
                0x7e908824      0xc00 build/packag-simcom_demo/simcom_demo.lib(cus_urc.o)

.data.request   0x7e909424       0x15
 .data.request  0x7e909424       0x15 build/packag-simcom_demo/simcom_demo.lib(di_config.o)
                0x7e909424                request

.data.version   0x7e90943a        0x2
 .data.version  0x7e90943a        0x2 build/packag-simcom_demo/simcom_demo.lib(di_config.o)
                0x7e90943a                version

.data._impure_ptr
                0x7e90943c        0x4
 .data._impure_ptr
                0x7e90943c        0x4 E:\BMS_IOT\Firmware\PKG_BMS_IOT\sc_app\..\sc_tool\cross_tool\gcc-arm-none-eabi\arm-none-eabi\lib\thumb\v7-ar\libc.a(lib_a-impure.o)
                0x7e90943c                _impure_ptr

.data.impure_data
                0x7e909440      0x428
 .data.impure_data
                0x7e909440      0x428 E:\BMS_IOT\Firmware\PKG_BMS_IOT\sc_app\..\sc_tool\cross_tool\gcc-arm-none-eabi\arm-none-eabi\lib\thumb\v7-ar\libc.a(lib_a-impure.o)

.data.__global_locale
                0x7e909868      0x16c
 .data.__global_locale
                0x7e909868      0x16c E:\BMS_IOT\Firmware\PKG_BMS_IOT\sc_app\..\sc_tool\cross_tool\gcc-arm-none-eabi\arm-none-eabi\lib\thumb\v7-ar\libc.a(lib_a-locale.o)
                0x7e909868                __global_locale

.ARM.exidx      0x7e9099d4        0x8
                [!provide]                PROVIDE (__exidx_start = .)
 *(.ARM.exidx)
 .ARM.exidx     0x7e9099d4        0x8 E:\BMS_IOT\Firmware\PKG_BMS_IOT\sc_app\..\sc_tool\cross_tool\gcc-arm-none-eabi\lib\gcc\arm-none-eabi\7.3.1\thumb\v7-ar\libgcc.a(_udivmoddi4.o)
                [!provide]                PROVIDE (__exidx_end = .)

.rel.dyn        0x7e9099dc        0x0
 .rel.iplt      0x7e9099dc        0x0 build/packag-simcom_application/simcom_application.lib(simcom_application.o)

.bss            0x7e9099dc      0x9b0
                [!provide]                PROVIDE (__bss_start__ = .)
 *(.bss)
                [!provide]                PROVIDE (__bss_end__ = .)
 COMMON         0x7e9099dc      0x348 build/packag-simcom_demo/simcom_demo.lib(demo_sms.o)
                0x7e9099dc                input_data_len
                0x7e9099e0                g_sms_demo_urc_rsp_msgQ
                0x7e9099e4                input_data
                0x7e909d1c                g_sms_demo_msgQ
                0x7e909d20                g_sms_demo_urc_process_msgQ
 COMMON         0x7e909d24        0xc build/packag-simcom_demo/simcom_demo.lib(simcom_demo.o)
                0x7e909d24                simcomUI_msgq
                0x7e909d28                urc_mqtt_msgq_1
                0x7e909d2c                simcomUIProcesser
 COMMON         0x7e909d30        0x4 build/packag-simcom_demo/simcom_demo.lib(demo_helloworld.o)
                0x7e909d30                helloWorldProcesser
 COMMON         0x7e909d34       0x18 build/packag-simcom_demo/simcom_demo.lib(di_config.o)
                0x7e909d34                BMS_tick
                0x7e909d38                imei_value
                0x7e909d48                LED_tick
 COMMON         0x7e909d4c      0x640 simcom_lib/libs/simcom_lib.lib(simcom_api.o)
                0x7e909d4c                sAPI_AudioSetVolume
                0x7e909d50                sAPI_AppPackageRead
                0x7e909d54                sAPI_UartRefRegister
                0x7e909d58                sAPI_SysGetIccid
                0x7e909d5c                sAPI_ExtNorFlashBlock64kErase
                0x7e909d60                sAPI_opendir
                0x7e909d64                sAPI_Sprintf
                0x7e909d68                sAPI_disableDUMP
                0x7e909d6c                sAPI_HtpSrvConfig
                0x7e909d70                sAPI_FotaImageVerify
                0x7e909d74                sAPI_AudioStatus
                0x7e909d78                sAPI_SysGetImsi
                0x7e909d7c                sAPI_NetworkGetCgpaddr
                0x7e909d80                sAPI_PocStopSound
                0x7e909d84                sAPI_NetworkGetCgreg
                0x7e909d88                sAPI_NtpUpdate
                0x7e909d8c                sAPI_NetworkGetCpsi
                0x7e909d90                sAPI_I2CReadEx
                0x7e909d94                sAPI_SemaphoreAcquire
                0x7e909d98                sAPI_SmsSendStrogeMsg
                0x7e909d9c                sAPI_TcpipGetaddrinfo
                0x7e909da0                sAPI_CamIspsizeSet
                0x7e909da4                sAPI_access
                0x7e909da8                sAPI_TimerDelete
                0x7e909dac                sAPI_Printf
                0x7e909db0                sAPI_LcdClearScreen
                0x7e909db4                sAPI_TTSSetStatusCallBack
                0x7e909db8                sAPI_AudioMp3StreamStop
                0x7e909dbc                sAPI_GpioGetDirection
                0x7e909dc0                sAPI_SmsSendStorageMsg
                0x7e909dc4                sAPI_NetworkSetCfun
                0x7e909dc8                sAPI_TcpipSend
                0x7e909dcc                sAPI_remove
                0x7e909dd0                sAPI_HttpTerm
                0x7e909dd4                sAPI_TcpipConnect
                0x7e909dd8                sAPI_MqttConnect
                0x7e909ddc                sAPI_ContextUnlock
                0x7e909de0                sAPI_GetPowerDownEvent
                0x7e909de4                sAPI_MqttUNSubTopic
                0x7e909de8                sAPI_TTSPlay
                0x7e909dec                sAPI_PocStartRecord
                0x7e909df0                sAPI_TcpipFreeaddrinfo
                0x7e909df4                sAPI_TTSStop
                0x7e909df8                sAPI_AppPackageWrite
                0x7e909dfc                sAPI_TaskGetCurrentRef
                0x7e909e00                sAPI_TcpipPdpDeactive
                0x7e909e04                sAPI_MqttAccq
                0x7e909e08                sAPI_SysPowerOff
                0x7e909e0c                sAPI_AudioGetPlayPath
                0x7e909e10                sAPI_RtcEnableAlarm
                0x7e909e14                sAPI_CamMclkOnOff
                0x7e909e18                sAPI_AudioSetPlayPath
                0x7e909e1c                sAPI_closedir
                0x7e909e20                sAPI_SpiReadBytesEx
                0x7e909e24                sAPI_UsbVcomRegisterCallbackEX
                0x7e909e28                sAPI_AesDecrypt
                0x7e909e2c                sAPI_AudioMp3StreamPlay
                0x7e909e30                sAPI_TcpipHtonl
                0x7e909e34                sAPI_StartShowLCD
                0x7e909e38                sAPI_AtSend
                0x7e909e3c                sAPI_TimerStop
                0x7e909e40                sAPI_EnableInterrupts
                0x7e909e44                sAPI_NetworkSetCgact
                0x7e909e48                sAPI_ExtNorFlashReadID
                0x7e909e4c                sAPI_AppPackageOpen
                0x7e909e50                sAPI_TcpipClose
                0x7e909e54                sAPI_GnssPowerStatusGet
                0x7e909e58                sAPI_NetStatusService
                0x7e909e5c                sAPI_frewind
                0x7e909e60                sAPI_MutexLock
                0x7e909e64                sAPI_SmsSendLongMsg
                0x7e909e68                sAPI_LcdOpen
                0x7e909e6c                sAPI_fsize
                0x7e909e70                sAPI_TcpipGetsockopt
                0x7e909e74                sAPI_TaskResume
                0x7e909e78                sAPI_WifiScanStop
                0x7e909e7c                sAPI_GpioGetValue
                0x7e909e80                sAPI_SysGetimsi
                0x7e909e84                sAPI_AudioWavFilePlay
                0x7e909e88                sAPI_AudioPlaySampleRate
                0x7e909e8c                sAPI_FtpsDeleteDirectory
                0x7e909e90                sAPI_FtpsDeInit
                0x7e909e94                sAPI_MutexDelete
                0x7e909e98                sAPI_TaskTerminate
                0x7e909e9c                sAPI_AudioPlayMp3Cont
                0x7e909ea0                sAPI_fseek
                0x7e909ea4                sAPI_MqttSslCfg
                0x7e909ea8                sAPI_NetworkGetCnetci
                0x7e909eac                sAPI_SysGetBuildTime
                0x7e909eb0                sAPI_AudRec
                0x7e909eb4                sAPI_CamOpen
                0x7e909eb8                sAPI_ContextLock
                0x7e909ebc                sAPI_LcdWriteU16Data
                0x7e909ec0                sAPI_Base64Encode
                0x7e909ec4                sAPI_sscanf
                0x7e909ec8                sAPI_setPinFunction
                0x7e909ecc                sAPI_fwrite
                0x7e909ed0                sAPI_TcpipAccept
                0x7e909ed4                sAPI_MqttWillTopic
                0x7e909ed8                sAPI_SemaphoreDelete
                0x7e909edc                sAPI_FtpsGetFileSize
                0x7e909ee0                sAPI_ReadFlashAppPartition
                0x7e909ee4                sAPI_GetUsedSize
                0x7e909ee8                sAPI_SetPowerKeyOffFunc
                0x7e909eec                sAPI_TcpipGetaddrinfoWithPcid
                0x7e909ef0                sAPI_TcpipSocketWithCallback
                0x7e909ef4                sAPI_HttpInit
                0x7e909ef8                sAPI_TcpipHtons
                0x7e909efc                sAPI_EnableDump
                0x7e909f00                sAPI_SysGetVersion
                0x7e909f04                sAPI_AudioGetMicGain
                0x7e909f08                sAPI_PowerKeyRegisterCallback
                0x7e909f0c                sAPI_ReadAdc
                0x7e909f10                sAPI_NetworkGetCreg
                0x7e909f14                sAPI_Calloc
                0x7e909f18                sAPI_ExtNorFlashShowSupportList
                0x7e909f1c                sAPI_SPIReadBytes
                0x7e909f20                sAPI_GetSysLocalTime
                0x7e909f24                sAPI_stat
                0x7e909f28                sAPI_FtpsDownloadFile
                0x7e909f2c                sAPI_CamPinConfigUninstall
                0x7e909f30                sAPI_Base64Decode
                0x7e909f34                sAPI_Gettimeofday
                0x7e909f38                sAPI_AppPackageCrc
                0x7e909f3c                sAPI_seekdir
                0x7e909f40                sAPI_NetworkGetCgatt
                0x7e909f44                sAPI_SpiConfigInitEx
                0x7e909f48                sAPI_UartRs485DePinAssign
                0x7e909f4c                sAPI_SmsSetNewMsgInd
                0x7e909f50                sAPI_AudioSetMicGain
                0x7e909f54                sAPI_Debug
                0x7e909f58                sAPI_SPIWriteBytes
                0x7e909f5c                sAPI_FlagDelete
                0x7e909f60                sAPI_SimcardPinSet
                0x7e909f64                sAPI_TTSSetParameters
                0x7e909f68                sAPI_NetworkSetCtzu
                0x7e909f6c                sAPI_AmrStopStreamRecord
                0x7e909f70                sAPI_TcpipPdpActive
                0x7e909f74                sAPI_SimcardSwitchMsg
                0x7e909f78                sAPI_ExtSpiReadBytes
                0x7e909f7c                sAPI_ReadVbat
                0x7e909f80                sAPI_HttpRead
                0x7e909f84                sAPI_ExtNorFlashInit
                0x7e909f88                sAPI_TcpipSendto
                0x7e909f8c                sAPI_SystemAlarmClock2Wakeup
                0x7e909f90                sAPI_TcpipPdpDeactiveNotify
                0x7e909f94                sAPI_SystemSleepExSet
                0x7e909f98                sAPI_FtpsList
                0x7e909f9c                sAPI_MqttDisConnect
                0x7e909fa0                sAPI_PocPlaySound
                0x7e909fa4                sAPI_FtpsGetCurrentDirectory
                0x7e909fa8                sAPI_GettimeofdaySyncRtc
                0x7e909fac                sAPI_NetworkGetcnetci
                0x7e909fb0                sAPI_RtcRegisterCB
                0x7e909fb4                sAPI_RtcSetAlarm
                0x7e909fb8                sAPI_MqttUnsub
                0x7e909fbc                sAPI_WifiScanStart
                0x7e909fc0                sAPI_Vsnprintf
                0x7e909fc4                sAPI_FtpsChangeDirectory
                0x7e909fc8                sAPI_ftruncate
                0x7e909fcc                sAPI_SslClose
                0x7e909fd0                sAPI_TcpipSocket_with_callback
                0x7e909fd4                sAPI_LcdSetBLPWM
                0x7e909fd8                sAPI_TcpipListen
                0x7e909fdc                sAPI_MsgQDelete
                0x7e909fe0                sAPI_TimerGetStatus
                0x7e909fe4                sAPI_ExtNorFlashSectorErase
                0x7e909fe8                sAPI_SslGetContextIdMsg
                0x7e909fec                sAPI_fclose
                0x7e909ff0                sAPI_RegisterXipTaskCb
                0x7e909ff4                sAPI_CallDialMsg
                0x7e909ff8                sAPI_TcpipRecv
                0x7e909ffc                sAPI_AudioPlay
                0x7e90a000                sAPI_PocGetPcmAvail
                0x7e90a004                sAPI_HttpPostfile
                0x7e90a008                sAPI_telldir
                0x7e90a00c                sAPI_MqttStart
                0x7e90a010                sAPI_GetCpuUid
                0x7e90a014                sAPI_TaskDelete
                0x7e90a018                sAPI_Realloc
                0x7e90a01c                OsaMemAlloc
                0x7e90a020                sAPI_CallAutoAnswer
                0x7e90a024                sAPI_GetPowerKeyStatus
                0x7e90a028                sAPI_TcpipInetAddr
                0x7e90a02c                sAPI_LcdWriteCmd
                0x7e90a030                sAPI_I2CWrite
                0x7e90a034                sAPI_SemaphorePoll
                0x7e90a038                sAPI_SslRead
                0x7e90a03c                sAPI_CacheCleanMemory
                0x7e90a040                sAPI_UartRegisterCallback
                0x7e90a044                sAPI_PWMConfigEx
                0x7e90a048                sAPI_CamParaSet
                0x7e90a04c                sAPI_NetworkGetCgdcont
                0x7e90a050                sAPI_MqttWillMsg
                0x7e90a054                sAPI_MqttTopic
                0x7e90a058                sAPI_TimerCreate
                0x7e90a05c                sAPI_TcpipGethostbyname
                0x7e90a060                sAPI_ExtNorFlashCs
                0x7e90a064                sAPI_CamGetGlobalConfig
                0x7e90a068                sAPI_PocPcmRead
                0x7e90a06c                sAPI_NetworkSetCops
                0x7e90a070                sAPI_FtpsDeleteFile
                0x7e90a074                sAPI_I2CRead
                0x7e90a078                sAPI_rename
                0x7e90a07c                sAPI_ExtNorFlashRead
                0x7e90a080                sAPI_NetworkGetCops
                0x7e90a084                sAPI_CamLdoOnOff
                0x7e90a088                sAPI_FtpsLogin
                0x7e90a08c                sAPI_GnssPowerStatusSet
                0x7e90a090                sAPI_UartSetConfig
                0x7e90a094                sAPI_TcpipGetSocketErrno
                0x7e90a098                sAPI_CallEndMsg
                0x7e90a09c                sAPI_AppPartitionBinSize
                0x7e90a0a0                sAPI_UartControl
                0x7e90a0a4                sAPI_LcdWriteData
                0x7e90a0a8                sAPI_LcdWrite
                0x7e90a0ac                sAPI_NetworkGetCGAUTH
                0x7e90a0b0                sAPI_LcdBacklightAndIOVccCtrlPin
                0x7e90a0b4                sAPI_NetworkSetCnmp
                0x7e90a0b8                sAPI_SmsSendMsg
                0x7e90a0bc                sAPI_Ping
                0x7e90a0c0                sAPI_MqttPayload
                0x7e90a0c4                sAPI_TcpipInetNtoa
                0x7e90a0c8                sAPI_DisableInterrupts
                0x7e90a0cc                sAPI_SetRealTimeClock
                0x7e90a0d0                sAPI_FlagSet
                0x7e90a0d4                sAPI_WriteFlash
                0x7e90a0d8                sAPI_SimcardHotSwapMsg
                0x7e90a0dc                sAPI_FtpsLogout
                0x7e90a0e0                sAPI_Time
                0x7e90a0e4                sAPI_TaskSuspend
                0x7e90a0e8                sAPI_SslSetContextIdMsg
                0x7e90a0ec                sAPI_TcpipSelect
                0x7e90a0f0                sAPI_GpioConfig
                0x7e90a0f4                sAPI_SimPinGet
                0x7e90a0f8                sAPI_UsbVcomWrite
                0x7e90a0fc                sAPI_TcpipInetNtop
                0x7e90a100                sAPI_TaskSleep
                0x7e90a104                sAPI_CamOpenEx
                0x7e90a108                sAPI_UartPrintf
                0x7e90a10c                sAPI_HttpData
                0x7e90a110                sAPI_UartRead
                0x7e90a114                sAPI_EraseFlashSector
                0x7e90a118                sAPI_FtpsInit
                0x7e90a11c                sAPI_HttpHead
                0x7e90a120                sAPI_SysReset
                0x7e90a124                sAPI_AudioSetAmrRateLevel
                0x7e90a128                sAPI_TcpipInet_ntoa
                0x7e90a12c                sAPI_PocInitLib
                0x7e90a130                sAPI_AudioRecord
                0x7e90a134                sAPI_UsbVbusDetect
                0x7e90a138                sAPI_I2CWriteEx
                0x7e90a13c                sAPI_TcpipInet_pton
                0x7e90a140                sAPI_ForceDownload
                0x7e90a144                sAPI_WifiSetHandler
                0x7e90a148                sAPI_SmsWriteMsg
                0x7e90a14c                sAPI_SysGetRFVersion
                0x7e90a150                sAPI_setGpioDirection
                0x7e90a154                sAPI_TcpipBind
                0x7e90a158                sAPI_GetRealTimeClock
                0x7e90a15c                sAPI_NetworkGetCsq
                0x7e90a160                sAPI_HttpPara
                0x7e90a164                sAPI_MsgQRecv
                0x7e90a168                sAPI_MsgQCreate
                0x7e90a16c                sAPI_UartWriteString
                0x7e90a170                sAPI_AesEncrypt
                0x7e90a174                sAPI_enableDUMP
                0x7e90a178                sAPI_ReadFlash
                0x7e90a17c                sAPI_UsbVcomRegisterCallback
                0x7e90a180                sAPI_UartGetConfig
                0x7e90a184                sAPI_MqttStop
                0x7e90a188                sAPI_AudioAmrStreamPlay
                0x7e90a18c                sAPI_ExtNorFlashWrite
                0x7e90a190                sAPI_FtpsDownloadFileToBuffer
                0x7e90a194                sAPI_TcpipGetpeername
                0x7e90a198                sAPI_TcpipNtohs
                0x7e90a19c                sAPI_SysGetHplmn
                0x7e90a1a0                sAPI_AudioGetVolume
                0x7e90a1a4                sAPI_DisableDump
                0x7e90a1a8                sAPI_GpioSetDirection
                0x7e90a1ac                sAPI_AppDownload
                0x7e90a1b0                sAPI_GpioWakeupEnable
                0x7e90a1b4                sAPI_SystemSleepGet
                0x7e90a1b8                sAPI_CallStateMsg
                0x7e90a1bc                sAPI_SimPinSet
                0x7e90a1c0                sAPI_SemaphoreCreate
                0x7e90a1c4                sAPI_YUVtoRGBZoomOut
                0x7e90a1c8                sAPI_fopen
                0x7e90a1cc                sAPI_MutexCreate
                0x7e90a1d0                sAPI_TimerStart
                0x7e90a1d4                sAPI_MsgQSend
                0x7e90a1d8                sAPI_MqttRel
                0x7e90a1dc                sAPI_UartRs485DePinAssignEx
                0x7e90a1e0                sAPI_NetworkGetCgauth
                0x7e90a1e4                sAPI_GetSize
                0x7e90a1e8                sAPI_NetworkSetCgdcont
                0x7e90a1ec                sAPI_TcpipGetErrno
                0x7e90a1f0                sAPI_TcpipGetaddrinfo_with_pcid
                0x7e90a1f4                sAPI_GetCamBuf
                0x7e90a1f8                sAPI_SpiWriteBytesEx
                0x7e90a1fc                sAPI_NetworkInit
                0x7e90a200                sAPI_Snprintf
                0x7e90a204                sAPI_SemaphoreRelease
                0x7e90a208                sAPI_SmsDelOneMsg
                0x7e90a20c                sAPI_TcpipSocket
                0x7e90a210                sAPI_TcpipInet_addr
                0x7e90a214                pUserApi
                0x7e90a218                sAPI_TcpipGetSocketPdpAddr
                0x7e90a21c                sAPI_InitNetLight
                0x7e90a220                sAPI_GetFreeSize
                0x7e90a224                sAPI_NetworkSetCgatt
                0x7e90a228                sAPI_CallAnswerMsg
                0x7e90a22c                sAPI_PocStopRecord
                0x7e90a230                sAPI_SmsReadMsg
                0x7e90a234                sAPI_FtpsSslConfig
                0x7e90a238                sAPI_I2CConfigInit
                0x7e90a23c                sAPI_AudioStop
                0x7e90a240                sAPI_mkdir
                0x7e90a244                sAPI_AudioPcmStop
                0x7e90a248                sAPI_SetSysLocalTime
                0x7e90a24c                sAPI_GetSystemInfo
                0x7e90a250                sAPI_CamWriteReg
                0x7e90a254                sAPI_GetStatisticsData
                0x7e90a258                sAPI_TcpipShutdown
                0x7e90a25c                sAPI_PocCleanBufferData
                0x7e90a260                sAPI_AudioPlayAmrCont
                0x7e90a264                sAPI_LocGet
                0x7e90a268                sAPI_MqttConnLostCb
                0x7e90a26c                sAPI_UrcRefRelease
                0x7e90a270                sAPI_TaskCreate
                0x7e90a274                sAPI_FlagCreate
                0x7e90a278                sAPI_NetworkGetCnmp
                0x7e90a27c                sAPI_ftell
                0x7e90a280                sAPI_FlagWait
                0x7e90a284                sAPI_StopShowLCD
                0x7e90a288                sAPI_UartWrite
                0x7e90a28c                sAPI_fsync
                0x7e90a290                sAPI_HttpAction
                0x7e90a294                sAPI_TcpipSetsockopt
                0x7e90a298                sAPI_AppPackageClose
                0x7e90a29c                sAPI_UartRegisterCallbackEX
                0x7e90a2a0                sAPI_MqttSubTopic
                0x7e90a2a4                sAPI_RestoreInterrupts
                0x7e90a2a8                sAPI_SystemSleepSet
                0x7e90a2ac                sAPI_SimcardPinGet
                0x7e90a2b0                sAPI_MqttPub
                0x7e90a2b4                sAPI_FtpsGetTransferType
                0x7e90a2b8                sAPI_LcdSetBrightness
                0x7e90a2bc                sAPI_LcdDisplayOn
                0x7e90a2c0                sAPI_DelayUs
                0x7e90a2c4                sAPI_AudioPcmPlay
                0x7e90a2c8                sAPI_GpioConfigInterrupt
                0x7e90a2cc                sAPI_TcpipInetPton
                0x7e90a2d0                sAPI_SystemSleepExGet
                0x7e90a2d4                sAPI_AmrStreamRecord
                0x7e90a2d8                sAPI_CamClose
                0x7e90a2dc                sAPI_MsgQSendSuspend
                0x7e90a2e0                sAPI_TcpipGetsockname
                0x7e90a2e4                sAPI_HtpUpdate
                0x7e90a2e8                sAPI_TcpipIoctlsocket
                0x7e90a2ec                sAPI_AudioAmrStreamStop
                0x7e90a2f0                OsaMemFree
                0x7e90a2f4                sAPI_SetVddAux
                0x7e90a2f8                sAPI_NetworkSetCgauth
                0x7e90a2fc                sAPI_UrcRefRegister
                0x7e90a300                sAPI_PWMConfig
                0x7e90a304                sAPI_FotaServiceBegin
                0x7e90a308                sAPI_readdir
                0x7e90a30c                sAPI_FtpsCreateDirectory
                0x7e90a310                sAPI_FtpsTransferType
                0x7e90a314                sAPI_fread
                0x7e90a318                sAPI_SslSend
                0x7e90a31c                sAPI_MutexUnLock
                0x7e90a320                sAPI_SslHandShake
                0x7e90a324                sAPI_RtcGetAlarm
                0x7e90a328                sAPI_MqttSub
                0x7e90a32c                sAPI_NetworkSetCGAUTH
                0x7e90a330                sAPI_FtpsUploadFile
                0x7e90a334                sAPI_NetworkGetCgact
                0x7e90a338                sAPI_NetworkGetCfun
                0x7e90a33c                sAPI_SPIConfigInit
                0x7e90a340                sAPI_MsgQPoll
                0x7e90a344                sAPI_GetTicks
                0x7e90a348                sAPI_TcpipRecvfrom
                0x7e90a34c                sAPI_LcdClose
                0x7e90a350                sAPI_FotaImageWrite
                0x7e90a354                sAPI_PinmuxFunc
                0x7e90a358                sAPI_SysGetImei
                0x7e90a35c                sAPI_SendATCMDWaitResp
                0x7e90a360                sAPI_LcdDisplayOff
                0x7e90a364                sAPI_GpioSetValue
                0x7e90a368                sAPI_TcpipInet_ntop
                0x7e90a36c                sAPI_SysGetCusVersion
                0x7e90a370                sAPI_UsbVcomRead
                0x7e90a374                sAPI_GetPowerUpEvent
                0x7e90a378                sAPI_SmsDelAllMsg
                0x7e90a37c                sAPI_UartRxStatus
                0x7e90a380                sAPI_MqttCfg
                0x7e90a384                sAPI_CamPinConfig
                0x7e90a388                sAPI_AudioSetPaCtrlConfig
                0x7e980000                end = 0x7e980000
LOAD build/packag-simcom_application/simcom_application.lib
LOAD build/packag-simcom_demo/simcom_demo.lib
LOAD build/packag-third_lib//third_lib.lib
LOAD simcom_lib/libs/simcom_lib.lib
LOAD E:\BMS_IOT\Firmware\PKG_BMS_IOT\sc_app\..\sc_tool\cross_tool\gcc-arm-none-eabi\arm-none-eabi\lib\thumb\v7-ar\libm.a
LOAD E:\BMS_IOT\Firmware\PKG_BMS_IOT\sc_app\..\sc_tool\cross_tool\gcc-arm-none-eabi\arm-none-eabi\lib\thumb\v7-ar\libc.a
LOAD E:\BMS_IOT\Firmware\PKG_BMS_IOT\sc_app\..\sc_tool\cross_tool\gcc-arm-none-eabi\arm-none-eabi\lib\thumb\v7-ar\libnosys.a
LOAD E:\BMS_IOT\Firmware\PKG_BMS_IOT\sc_app\..\sc_tool\cross_tool\gcc-arm-none-eabi\lib\gcc\arm-none-eabi\7.3.1\thumb\v7-ar\libgcc.a
OUTPUT(build/customer_app.elf elf32-littlearm)

.bss.gUrcMsgQueue
                0x7e90a38c        0x4
 .bss.gUrcMsgQueue
                0x7e90a38c        0x4 build/packag-simcom_demo/simcom_demo.lib(cus_urc.o)

.bss.gUrcProcessTask
                0x7e90a390        0x4
 .bss.gUrcProcessTask
                0x7e90a390        0x4 build/packag-simcom_demo/simcom_demo.lib(cus_urc.o)

.bss.simcomUIProcesserStack
                0x7e90a394     0x7800
 .bss.simcomUIProcesserStack
                0x7e90a394     0x7800 build/packag-simcom_demo/simcom_demo.lib(simcom_demo.o)

.bss.helloWorldProcesserStack
                0x7e911b94      0x400
 .bss.helloWorldProcesserStack
                0x7e911b94      0x400 build/packag-simcom_demo/simcom_demo.lib(demo_helloworld.o)

.bss.DMS_state  0x7e911f94        0x1
 .bss.DMS_state
                0x7e911f94        0x1 build/packag-simcom_demo/simcom_demo.lib(di_config.o)
                0x7e911f94                DMS_state

.bss.loggerID   0x7e911f95        0x8
 .bss.loggerID  0x7e911f95        0x8 build/packag-simcom_demo/simcom_demo.lib(di_config.o)
                0x7e911f95                loggerID

.bss.newupdate  0x7e911f9d        0x1
 .bss.newupdate
                0x7e911f9d        0x1 build/packag-simcom_demo/simcom_demo.lib(di_config.o)
                0x7e911f9d                newupdate

.bss.test_payload
                0x7e911f9e      0x190
 .bss.test_payload
                0x7e911f9e      0x190 build/packag-simcom_demo/simcom_demo.lib(di_config.o)
                0x7e911f9e                test_payload

.debug_info     0x00000000    0x4eed9
 .debug_info    0x00000000     0x70da build/packag-simcom_application/simcom_application.lib(simcom_application.o)
 .debug_info    0x000070da     0x981f build/packag-simcom_demo/simcom_demo.lib(demo_sms.o)
 .debug_info    0x000108f9     0x7636 build/packag-simcom_demo/simcom_demo.lib(cus_urc.o)
 .debug_info    0x00017f2f     0x7713 build/packag-simcom_demo/simcom_demo.lib(cus_uart.o)
 .debug_info    0x0001f642     0x7194 build/packag-simcom_demo/simcom_demo.lib(cus_usb_vcom.o)
 .debug_info    0x000267d6     0x7029 build/packag-simcom_demo/simcom_demo.lib(cus_key.o)
 .debug_info    0x0002d7ff     0x73ef build/packag-simcom_demo/simcom_demo.lib(simcom_demo.o)
 .debug_info    0x00034bee     0x7140 build/packag-simcom_demo/simcom_demo.lib(demo_helloworld.o)
 .debug_info    0x0003bd2e     0x9bd9 build/packag-simcom_demo/simcom_demo.lib(di_config.o)
 .debug_info    0x00045907     0x95d2 simcom_lib/libs/simcom_lib.lib(simcom_api.o)

.debug_abbrev   0x00000000     0x20ff
 .debug_abbrev  0x00000000      0x2cc build/packag-simcom_application/simcom_application.lib(simcom_application.o)
 .debug_abbrev  0x000002cc      0x48e build/packag-simcom_demo/simcom_demo.lib(demo_sms.o)
 .debug_abbrev  0x0000075a      0x361 build/packag-simcom_demo/simcom_demo.lib(cus_urc.o)
 .debug_abbrev  0x00000abb      0x30d build/packag-simcom_demo/simcom_demo.lib(cus_uart.o)
 .debug_abbrev  0x00000dc8      0x2c3 build/packag-simcom_demo/simcom_demo.lib(cus_usb_vcom.o)
 .debug_abbrev  0x0000108b      0x286 build/packag-simcom_demo/simcom_demo.lib(cus_key.o)
 .debug_abbrev  0x00001311      0x352 build/packag-simcom_demo/simcom_demo.lib(simcom_demo.o)
 .debug_abbrev  0x00001663      0x2e8 build/packag-simcom_demo/simcom_demo.lib(demo_helloworld.o)
 .debug_abbrev  0x0000194b      0x449 build/packag-simcom_demo/simcom_demo.lib(di_config.o)
 .debug_abbrev  0x00001d94      0x36b simcom_lib/libs/simcom_lib.lib(simcom_api.o)

.debug_loc      0x00000000     0x24f0
 .debug_loc     0x00000000       0x42 build/packag-simcom_application/simcom_application.lib(simcom_application.o)
 .debug_loc     0x00000042      0x97c build/packag-simcom_demo/simcom_demo.lib(demo_sms.o)
 .debug_loc     0x000009be      0x262 build/packag-simcom_demo/simcom_demo.lib(cus_urc.o)
 .debug_loc     0x00000c20      0x50b build/packag-simcom_demo/simcom_demo.lib(cus_uart.o)
 .debug_loc     0x0000112b      0x11f build/packag-simcom_demo/simcom_demo.lib(cus_usb_vcom.o)
 .debug_loc     0x0000124a       0x13 build/packag-simcom_demo/simcom_demo.lib(cus_key.o)
 .debug_loc     0x0000125d      0x158 build/packag-simcom_demo/simcom_demo.lib(simcom_demo.o)
 .debug_loc     0x000013b5       0x4b build/packag-simcom_demo/simcom_demo.lib(demo_helloworld.o)
 .debug_loc     0x00001400      0xe0a build/packag-simcom_demo/simcom_demo.lib(di_config.o)
 .debug_loc     0x0000220a      0x2e6 simcom_lib/libs/simcom_lib.lib(simcom_api.o)

.debug_aranges  0x00000000      0x2b8
 .debug_aranges
                0x00000000       0x20 build/packag-simcom_application/simcom_application.lib(simcom_application.o)
 .debug_aranges
                0x00000020       0x70 build/packag-simcom_demo/simcom_demo.lib(demo_sms.o)
 .debug_aranges
                0x00000090       0x28 build/packag-simcom_demo/simcom_demo.lib(cus_urc.o)
 .debug_aranges
                0x000000b8       0x58 build/packag-simcom_demo/simcom_demo.lib(cus_uart.o)
 .debug_aranges
                0x00000110       0x30 build/packag-simcom_demo/simcom_demo.lib(cus_usb_vcom.o)
 .debug_aranges
                0x00000140       0x28 build/packag-simcom_demo/simcom_demo.lib(cus_key.o)
 .debug_aranges
                0x00000168       0x40 build/packag-simcom_demo/simcom_demo.lib(simcom_demo.o)
 .debug_aranges
                0x000001a8       0x30 build/packag-simcom_demo/simcom_demo.lib(demo_helloworld.o)
 .debug_aranges
                0x000001d8       0x80 build/packag-simcom_demo/simcom_demo.lib(di_config.o)
 .debug_aranges
                0x00000258       0x60 simcom_lib/libs/simcom_lib.lib(simcom_api.o)

.debug_ranges   0x00000000      0x2c0
 .debug_ranges  0x00000000       0x10 build/packag-simcom_application/simcom_application.lib(simcom_application.o)
 .debug_ranges  0x00000010       0x60 build/packag-simcom_demo/simcom_demo.lib(demo_sms.o)
 .debug_ranges  0x00000070       0x30 build/packag-simcom_demo/simcom_demo.lib(cus_urc.o)
 .debug_ranges  0x000000a0       0x48 build/packag-simcom_demo/simcom_demo.lib(cus_uart.o)
 .debug_ranges  0x000000e8       0x20 build/packag-simcom_demo/simcom_demo.lib(cus_usb_vcom.o)
 .debug_ranges  0x00000108       0x18 build/packag-simcom_demo/simcom_demo.lib(cus_key.o)
 .debug_ranges  0x00000120       0x30 build/packag-simcom_demo/simcom_demo.lib(simcom_demo.o)
 .debug_ranges  0x00000150       0x20 build/packag-simcom_demo/simcom_demo.lib(demo_helloworld.o)
 .debug_ranges  0x00000170       0xe0 build/packag-simcom_demo/simcom_demo.lib(di_config.o)
 .debug_ranges  0x00000250       0x70 simcom_lib/libs/simcom_lib.lib(simcom_api.o)

.debug_line     0x00000000     0x3de7
 .debug_line    0x00000000      0x4ae build/packag-simcom_application/simcom_application.lib(simcom_application.o)
 .debug_line    0x000004ae      0x928 build/packag-simcom_demo/simcom_demo.lib(demo_sms.o)
 .debug_line    0x00000dd6      0x5df build/packag-simcom_demo/simcom_demo.lib(cus_urc.o)
 .debug_line    0x000013b5      0x5a6 build/packag-simcom_demo/simcom_demo.lib(cus_uart.o)
 .debug_line    0x0000195b      0x4e2 build/packag-simcom_demo/simcom_demo.lib(cus_usb_vcom.o)
 .debug_line    0x00001e3d      0x4af build/packag-simcom_demo/simcom_demo.lib(cus_key.o)
 .debug_line    0x000022ec      0x53f build/packag-simcom_demo/simcom_demo.lib(simcom_demo.o)
 .debug_line    0x0000282b      0x4cf build/packag-simcom_demo/simcom_demo.lib(demo_helloworld.o)
 .debug_line    0x00002cfa      0xa1b build/packag-simcom_demo/simcom_demo.lib(di_config.o)
 .debug_line    0x00003715      0x6d2 simcom_lib/libs/simcom_lib.lib(simcom_api.o)

.debug_str      0x00000000     0x86cc
 .debug_str     0x00000000     0x585e build/packag-simcom_application/simcom_application.lib(simcom_application.o)
                               0x75e4 (size before relaxing)
 .debug_str     0x0000585e      0x703 build/packag-simcom_demo/simcom_demo.lib(demo_sms.o)
                               0x7c15 (size before relaxing)
 .debug_str     0x00005f61       0xee build/packag-simcom_demo/simcom_demo.lib(cus_urc.o)
                               0x78f8 (size before relaxing)
 .debug_str     0x0000604f       0xd2 build/packag-simcom_demo/simcom_demo.lib(cus_uart.o)
                               0x76e0 (size before relaxing)
 .debug_str     0x00006121       0x41 build/packag-simcom_demo/simcom_demo.lib(cus_usb_vcom.o)
                               0x7593 (size before relaxing)
 .debug_str     0x00006162       0x26 build/packag-simcom_demo/simcom_demo.lib(cus_key.o)
                               0x7551 (size before relaxing)
 .debug_str     0x00006188       0x9d build/packag-simcom_demo/simcom_demo.lib(simcom_demo.o)
                               0x764a (size before relaxing)
 .debug_str     0x00006225       0x75 build/packag-simcom_demo/simcom_demo.lib(demo_helloworld.o)
                               0x75c0 (size before relaxing)
 .debug_str     0x0000629a      0x3a3 build/packag-simcom_demo/simcom_demo.lib(di_config.o)
                               0x7a8c (size before relaxing)
 .debug_str     0x0000663d     0x208f simcom_lib/libs/simcom_lib.lib(simcom_api.o)
                               0x9615 (size before relaxing)

.comment        0x00000000       0x7f
 .comment       0x00000000       0x7f build/packag-simcom_application/simcom_application.lib(simcom_application.o)
                                 0x80 (size before relaxing)
 .comment       0x0000007f       0x80 build/packag-simcom_demo/simcom_demo.lib(demo_sms.o)
 .comment       0x0000007f       0x80 build/packag-simcom_demo/simcom_demo.lib(cus_urc.o)
 .comment       0x0000007f       0x80 build/packag-simcom_demo/simcom_demo.lib(cus_uart.o)
 .comment       0x0000007f       0x80 build/packag-simcom_demo/simcom_demo.lib(cus_usb_vcom.o)
 .comment       0x0000007f       0x80 build/packag-simcom_demo/simcom_demo.lib(cus_key.o)
 .comment       0x0000007f       0x80 build/packag-simcom_demo/simcom_demo.lib(simcom_demo.o)
 .comment       0x0000007f       0x80 build/packag-simcom_demo/simcom_demo.lib(demo_helloworld.o)
 .comment       0x0000007f       0x80 build/packag-simcom_demo/simcom_demo.lib(di_config.o)
 .comment       0x0000007f       0x80 simcom_lib/libs/simcom_lib.lib(simcom_api.o)

.ARM.attributes
                0x00000000       0x33
 .ARM.attributes
                0x00000000       0x35 build/packag-simcom_application/simcom_application.lib(simcom_application.o)
 .ARM.attributes
                0x00000035       0x35 build/packag-simcom_demo/simcom_demo.lib(demo_sms.o)
 .ARM.attributes
                0x0000006a       0x35 build/packag-simcom_demo/simcom_demo.lib(cus_urc.o)
 .ARM.attributes
                0x0000009f       0x35 build/packag-simcom_demo/simcom_demo.lib(cus_uart.o)
 .ARM.attributes
                0x000000d4       0x35 build/packag-simcom_demo/simcom_demo.lib(cus_usb_vcom.o)
 .ARM.attributes
                0x00000109       0x35 build/packag-simcom_demo/simcom_demo.lib(cus_key.o)
 .ARM.attributes
                0x0000013e       0x35 build/packag-simcom_demo/simcom_demo.lib(simcom_demo.o)
 .ARM.attributes
                0x00000173       0x35 build/packag-simcom_demo/simcom_demo.lib(demo_helloworld.o)
 .ARM.attributes
                0x000001a8       0x35 build/packag-simcom_demo/simcom_demo.lib(di_config.o)
 .ARM.attributes
                0x000001dd       0x35 simcom_lib/libs/simcom_lib.lib(simcom_api.o)
 .ARM.attributes
                0x00000212       0x29 E:\BMS_IOT\Firmware\PKG_BMS_IOT\sc_app\..\sc_tool\cross_tool\gcc-arm-none-eabi\arm-none-eabi\lib\thumb\v7-ar\libc.a(lib_a-atoi.o)
 .ARM.attributes
                0x0000023b       0x29 E:\BMS_IOT\Firmware\PKG_BMS_IOT\sc_app\..\sc_tool\cross_tool\gcc-arm-none-eabi\arm-none-eabi\lib\thumb\v7-ar\libc.a(lib_a-impure.o)
 .ARM.attributes
                0x00000264       0x29 E:\BMS_IOT\Firmware\PKG_BMS_IOT\sc_app\..\sc_tool\cross_tool\gcc-arm-none-eabi\arm-none-eabi\lib\thumb\v7-ar\libc.a(lib_a-locale.o)
 .ARM.attributes
                0x0000028d       0x29 E:\BMS_IOT\Firmware\PKG_BMS_IOT\sc_app\..\sc_tool\cross_tool\gcc-arm-none-eabi\arm-none-eabi\lib\thumb\v7-ar\libc.a(lib_a-mbtowc_r.o)
 .ARM.attributes
                0x000002b6       0x17 E:\BMS_IOT\Firmware\PKG_BMS_IOT\sc_app\..\sc_tool\cross_tool\gcc-arm-none-eabi\arm-none-eabi\lib\thumb\v7-ar\libc.a(lib_a-memcpy.o)
 .ARM.attributes
                0x000002cd       0x29 E:\BMS_IOT\Firmware\PKG_BMS_IOT\sc_app\..\sc_tool\cross_tool\gcc-arm-none-eabi\arm-none-eabi\lib\thumb\v7-ar\libc.a(lib_a-memset.o)
 .ARM.attributes
                0x000002f6       0x29 E:\BMS_IOT\Firmware\PKG_BMS_IOT\sc_app\..\sc_tool\cross_tool\gcc-arm-none-eabi\arm-none-eabi\lib\thumb\v7-ar\libc.a(lib_a-snprintf.o)
 .ARM.attributes
                0x0000031f       0x29 E:\BMS_IOT\Firmware\PKG_BMS_IOT\sc_app\..\sc_tool\cross_tool\gcc-arm-none-eabi\arm-none-eabi\lib\thumb\v7-ar\libc.a(lib_a-sprintf.o)
 .ARM.attributes
                0x00000348       0x29 E:\BMS_IOT\Firmware\PKG_BMS_IOT\sc_app\..\sc_tool\cross_tool\gcc-arm-none-eabi\arm-none-eabi\lib\thumb\v7-ar\libc.a(lib_a-strcpy.o)
 .ARM.attributes
                0x00000371       0x29 E:\BMS_IOT\Firmware\PKG_BMS_IOT\sc_app\..\sc_tool\cross_tool\gcc-arm-none-eabi\arm-none-eabi\lib\thumb\v7-ar\libc.a(lib_a-strlen-stub.o)
 .ARM.attributes
                0x0000039a       0x29 E:\BMS_IOT\Firmware\PKG_BMS_IOT\sc_app\..\sc_tool\cross_tool\gcc-arm-none-eabi\arm-none-eabi\lib\thumb\v7-ar\libc.a(lib_a-strncmp.o)
 .ARM.attributes
                0x000003c3       0x29 E:\BMS_IOT\Firmware\PKG_BMS_IOT\sc_app\..\sc_tool\cross_tool\gcc-arm-none-eabi\arm-none-eabi\lib\thumb\v7-ar\libc.a(lib_a-strncpy.o)
 .ARM.attributes
                0x000003ec       0x29 E:\BMS_IOT\Firmware\PKG_BMS_IOT\sc_app\..\sc_tool\cross_tool\gcc-arm-none-eabi\arm-none-eabi\lib\thumb\v7-ar\libc.a(lib_a-strtol.o)
 .ARM.attributes
                0x00000415       0x29 E:\BMS_IOT\Firmware\PKG_BMS_IOT\sc_app\..\sc_tool\cross_tool\gcc-arm-none-eabi\arm-none-eabi\lib\thumb\v7-ar\libc.a(lib_a-svfprintf.o)
 .ARM.attributes
                0x0000043e       0x29 E:\BMS_IOT\Firmware\PKG_BMS_IOT\sc_app\..\sc_tool\cross_tool\gcc-arm-none-eabi\arm-none-eabi\lib\thumb\v7-ar\libc.a(lib_a-wctomb_r.o)
 .ARM.attributes
                0x00000467       0x29 E:\BMS_IOT\Firmware\PKG_BMS_IOT\sc_app\..\sc_tool\cross_tool\gcc-arm-none-eabi\arm-none-eabi\lib\thumb\v7-ar\libc.a(lib_a-ctype_.o)
 .ARM.attributes
                0x00000490       0x29 E:\BMS_IOT\Firmware\PKG_BMS_IOT\sc_app\..\sc_tool\cross_tool\gcc-arm-none-eabi\arm-none-eabi\lib\thumb\v7-ar\libc.a(lib_a-dtoa.o)
 .ARM.attributes
                0x000004b9       0x29 E:\BMS_IOT\Firmware\PKG_BMS_IOT\sc_app\..\sc_tool\cross_tool\gcc-arm-none-eabi\arm-none-eabi\lib\thumb\v7-ar\libc.a(lib_a-localeconv.o)
 .ARM.attributes
                0x000004e2       0x29 E:\BMS_IOT\Firmware\PKG_BMS_IOT\sc_app\..\sc_tool\cross_tool\gcc-arm-none-eabi\arm-none-eabi\lib\thumb\v7-ar\libc.a(lib_a-memchr-stub.o)
 .ARM.attributes
                0x0000050b       0x29 E:\BMS_IOT\Firmware\PKG_BMS_IOT\sc_app\..\sc_tool\cross_tool\gcc-arm-none-eabi\arm-none-eabi\lib\thumb\v7-ar\libc.a(lib_a-mprec.o)
 .ARM.attributes
                0x00000534       0x29 E:\BMS_IOT\Firmware\PKG_BMS_IOT\sc_app\..\sc_tool\cross_tool\gcc-arm-none-eabi\arm-none-eabi\lib\thumb\v7-ar\libc.a(lib_a-s_frexp.o)
 .ARM.attributes
                0x0000055d       0x29 E:\BMS_IOT\Firmware\PKG_BMS_IOT\sc_app\..\sc_tool\cross_tool\gcc-arm-none-eabi\arm-none-eabi\lib\thumb\v7-ar\libc.a(lib_a-svfiprintf.o)
 .ARM.attributes
                0x00000586       0x29 E:\BMS_IOT\Firmware\PKG_BMS_IOT\sc_app\..\sc_tool\cross_tool\gcc-arm-none-eabi\arm-none-eabi\lib\thumb\v7-ar\libc.a(lib_a-memmove.o)
 .ARM.attributes
                0x000005af       0x19 E:\BMS_IOT\Firmware\PKG_BMS_IOT\sc_app\..\sc_tool\cross_tool\gcc-arm-none-eabi\lib\gcc\arm-none-eabi\7.3.1\thumb\v7-ar\libgcc.a(_udivsi3.o)
 .ARM.attributes
                0x000005c8       0x19 E:\BMS_IOT\Firmware\PKG_BMS_IOT\sc_app\..\sc_tool\cross_tool\gcc-arm-none-eabi\lib\gcc\arm-none-eabi\7.3.1\thumb\v7-ar\libgcc.a(_dvmd_tls.o)
 .ARM.attributes
                0x000005e1       0x19 E:\BMS_IOT\Firmware\PKG_BMS_IOT\sc_app\..\sc_tool\cross_tool\gcc-arm-none-eabi\lib\gcc\arm-none-eabi\7.3.1\thumb\v7-ar\libgcc.a(_arm_addsubdf3.o)
 .ARM.attributes
                0x000005fa       0x19 E:\BMS_IOT\Firmware\PKG_BMS_IOT\sc_app\..\sc_tool\cross_tool\gcc-arm-none-eabi\lib\gcc\arm-none-eabi\7.3.1\thumb\v7-ar\libgcc.a(_arm_muldivdf3.o)
 .ARM.attributes
                0x00000613       0x19 E:\BMS_IOT\Firmware\PKG_BMS_IOT\sc_app\..\sc_tool\cross_tool\gcc-arm-none-eabi\lib\gcc\arm-none-eabi\7.3.1\thumb\v7-ar\libgcc.a(_arm_cmpdf2.o)
 .ARM.attributes
                0x0000062c       0x19 E:\BMS_IOT\Firmware\PKG_BMS_IOT\sc_app\..\sc_tool\cross_tool\gcc-arm-none-eabi\lib\gcc\arm-none-eabi\7.3.1\thumb\v7-ar\libgcc.a(_arm_unorddf2.o)
 .ARM.attributes
                0x00000645       0x19 E:\BMS_IOT\Firmware\PKG_BMS_IOT\sc_app\..\sc_tool\cross_tool\gcc-arm-none-eabi\lib\gcc\arm-none-eabi\7.3.1\thumb\v7-ar\libgcc.a(_arm_fixdfsi.o)
 .ARM.attributes
                0x0000065e       0x19 E:\BMS_IOT\Firmware\PKG_BMS_IOT\sc_app\..\sc_tool\cross_tool\gcc-arm-none-eabi\lib\gcc\arm-none-eabi\7.3.1\thumb\v7-ar\libgcc.a(_aeabi_uldivmod.o)
 .ARM.attributes
                0x00000677       0x29 E:\BMS_IOT\Firmware\PKG_BMS_IOT\sc_app\..\sc_tool\cross_tool\gcc-arm-none-eabi\lib\gcc\arm-none-eabi\7.3.1\thumb\v7-ar\libgcc.a(_udivmoddi4.o)

.debug_frame    0x00000000     0x1380
 .debug_frame   0x00000000       0x2c build/packag-simcom_application/simcom_application.lib(simcom_application.o)
 .debug_frame   0x0000002c      0x218 build/packag-simcom_demo/simcom_demo.lib(demo_sms.o)
 .debug_frame   0x00000244       0x6c build/packag-simcom_demo/simcom_demo.lib(cus_urc.o)
 .debug_frame   0x000002b0      0x134 build/packag-simcom_demo/simcom_demo.lib(cus_uart.o)
 .debug_frame   0x000003e4       0x7c build/packag-simcom_demo/simcom_demo.lib(cus_usb_vcom.o)
 .debug_frame   0x00000460       0x48 build/packag-simcom_demo/simcom_demo.lib(cus_key.o)
 .debug_frame   0x000004a8       0xc0 build/packag-simcom_demo/simcom_demo.lib(simcom_demo.o)
 .debug_frame   0x00000568       0x90 build/packag-simcom_demo/simcom_demo.lib(demo_helloworld.o)
 .debug_frame   0x000005f8      0x214 build/packag-simcom_demo/simcom_demo.lib(di_config.o)
 .debug_frame   0x0000080c       0xb8 simcom_lib/libs/simcom_lib.lib(simcom_api.o)
 .debug_frame   0x000008c4       0x30 E:\BMS_IOT\Firmware\PKG_BMS_IOT\sc_app\..\sc_tool\cross_tool\gcc-arm-none-eabi\arm-none-eabi\lib\thumb\v7-ar\libc.a(lib_a-atoi.o)
 .debug_frame   0x000008f4       0x6c E:\BMS_IOT\Firmware\PKG_BMS_IOT\sc_app\..\sc_tool\cross_tool\gcc-arm-none-eabi\arm-none-eabi\lib\thumb\v7-ar\libc.a(lib_a-locale.o)
 .debug_frame   0x00000960       0x48 E:\BMS_IOT\Firmware\PKG_BMS_IOT\sc_app\..\sc_tool\cross_tool\gcc-arm-none-eabi\arm-none-eabi\lib\thumb\v7-ar\libc.a(lib_a-mbtowc_r.o)
 .debug_frame   0x000009a8       0x38 E:\BMS_IOT\Firmware\PKG_BMS_IOT\sc_app\..\sc_tool\cross_tool\gcc-arm-none-eabi\arm-none-eabi\lib\thumb\v7-ar\libc.a(lib_a-memset.o)
 .debug_frame   0x000009e0       0x80 E:\BMS_IOT\Firmware\PKG_BMS_IOT\sc_app\..\sc_tool\cross_tool\gcc-arm-none-eabi\arm-none-eabi\lib\thumb\v7-ar\libc.a(lib_a-snprintf.o)
 .debug_frame   0x00000a60       0x7c E:\BMS_IOT\Firmware\PKG_BMS_IOT\sc_app\..\sc_tool\cross_tool\gcc-arm-none-eabi\arm-none-eabi\lib\thumb\v7-ar\libc.a(lib_a-sprintf.o)
 .debug_frame   0x00000adc       0x20 E:\BMS_IOT\Firmware\PKG_BMS_IOT\sc_app\..\sc_tool\cross_tool\gcc-arm-none-eabi\arm-none-eabi\lib\thumb\v7-ar\libc.a(lib_a-strcpy.o)
 .debug_frame   0x00000afc       0x20 E:\BMS_IOT\Firmware\PKG_BMS_IOT\sc_app\..\sc_tool\cross_tool\gcc-arm-none-eabi\arm-none-eabi\lib\thumb\v7-ar\libc.a(lib_a-strlen-stub.o)
 .debug_frame   0x00000b1c       0x44 E:\BMS_IOT\Firmware\PKG_BMS_IOT\sc_app\..\sc_tool\cross_tool\gcc-arm-none-eabi\arm-none-eabi\lib\thumb\v7-ar\libc.a(lib_a-strncmp.o)
 .debug_frame   0x00000b60       0x34 E:\BMS_IOT\Firmware\PKG_BMS_IOT\sc_app\..\sc_tool\cross_tool\gcc-arm-none-eabi\arm-none-eabi\lib\thumb\v7-ar\libc.a(lib_a-strncpy.o)
 .debug_frame   0x00000b94       0xa4 E:\BMS_IOT\Firmware\PKG_BMS_IOT\sc_app\..\sc_tool\cross_tool\gcc-arm-none-eabi\arm-none-eabi\lib\thumb\v7-ar\libc.a(lib_a-strtol.o)
 .debug_frame   0x00000c38       0x40 E:\BMS_IOT\Firmware\PKG_BMS_IOT\sc_app\..\sc_tool\cross_tool\gcc-arm-none-eabi\arm-none-eabi\lib\thumb\v7-ar\libc.a(lib_a-svfprintf.o)
 .debug_frame   0x00000c78       0x3c E:\BMS_IOT\Firmware\PKG_BMS_IOT\sc_app\..\sc_tool\cross_tool\gcc-arm-none-eabi\arm-none-eabi\lib\thumb\v7-ar\libc.a(lib_a-wctomb_r.o)
 .debug_frame   0x00000cb4       0x7c E:\BMS_IOT\Firmware\PKG_BMS_IOT\sc_app\..\sc_tool\cross_tool\gcc-arm-none-eabi\arm-none-eabi\lib\thumb\v7-ar\libc.a(lib_a-dtoa.o)
 .debug_frame   0x00000d30       0x40 E:\BMS_IOT\Firmware\PKG_BMS_IOT\sc_app\..\sc_tool\cross_tool\gcc-arm-none-eabi\arm-none-eabi\lib\thumb\v7-ar\libc.a(lib_a-localeconv.o)
 .debug_frame   0x00000d70       0x34 E:\BMS_IOT\Firmware\PKG_BMS_IOT\sc_app\..\sc_tool\cross_tool\gcc-arm-none-eabi\arm-none-eabi\lib\thumb\v7-ar\libc.a(lib_a-memchr-stub.o)
 .debug_frame   0x00000da4      0x268 E:\BMS_IOT\Firmware\PKG_BMS_IOT\sc_app\..\sc_tool\cross_tool\gcc-arm-none-eabi\arm-none-eabi\lib\thumb\v7-ar\libc.a(lib_a-mprec.o)
 .debug_frame   0x0000100c       0x30 E:\BMS_IOT\Firmware\PKG_BMS_IOT\sc_app\..\sc_tool\cross_tool\gcc-arm-none-eabi\arm-none-eabi\lib\thumb\v7-ar\libc.a(lib_a-s_frexp.o)
 .debug_frame   0x0000103c       0x74 E:\BMS_IOT\Firmware\PKG_BMS_IOT\sc_app\..\sc_tool\cross_tool\gcc-arm-none-eabi\arm-none-eabi\lib\thumb\v7-ar\libc.a(lib_a-svfiprintf.o)
 .debug_frame   0x000010b0       0x40 E:\BMS_IOT\Firmware\PKG_BMS_IOT\sc_app\..\sc_tool\cross_tool\gcc-arm-none-eabi\arm-none-eabi\lib\thumb\v7-ar\libc.a(lib_a-memmove.o)
 .debug_frame   0x000010f0       0x20 E:\BMS_IOT\Firmware\PKG_BMS_IOT\sc_app\..\sc_tool\cross_tool\gcc-arm-none-eabi\lib\gcc\arm-none-eabi\7.3.1\thumb\v7-ar\libgcc.a(_udivsi3.o)
 .debug_frame   0x00001110       0xac E:\BMS_IOT\Firmware\PKG_BMS_IOT\sc_app\..\sc_tool\cross_tool\gcc-arm-none-eabi\lib\gcc\arm-none-eabi\7.3.1\thumb\v7-ar\libgcc.a(_arm_addsubdf3.o)
 .debug_frame   0x000011bc       0x50 E:\BMS_IOT\Firmware\PKG_BMS_IOT\sc_app\..\sc_tool\cross_tool\gcc-arm-none-eabi\lib\gcc\arm-none-eabi\7.3.1\thumb\v7-ar\libgcc.a(_arm_muldivdf3.o)
 .debug_frame   0x0000120c       0xc4 E:\BMS_IOT\Firmware\PKG_BMS_IOT\sc_app\..\sc_tool\cross_tool\gcc-arm-none-eabi\lib\gcc\arm-none-eabi\7.3.1\thumb\v7-ar\libgcc.a(_arm_cmpdf2.o)
 .debug_frame   0x000012d0       0x20 E:\BMS_IOT\Firmware\PKG_BMS_IOT\sc_app\..\sc_tool\cross_tool\gcc-arm-none-eabi\lib\gcc\arm-none-eabi\7.3.1\thumb\v7-ar\libgcc.a(_arm_unorddf2.o)
 .debug_frame   0x000012f0       0x24 E:\BMS_IOT\Firmware\PKG_BMS_IOT\sc_app\..\sc_tool\cross_tool\gcc-arm-none-eabi\lib\gcc\arm-none-eabi\7.3.1\thumb\v7-ar\libgcc.a(_arm_fixdfsi.o)
 .debug_frame   0x00001314       0x2c E:\BMS_IOT\Firmware\PKG_BMS_IOT\sc_app\..\sc_tool\cross_tool\gcc-arm-none-eabi\lib\gcc\arm-none-eabi\7.3.1\thumb\v7-ar\libgcc.a(_aeabi_uldivmod.o)
 .debug_frame   0x00001340       0x40 E:\BMS_IOT\Firmware\PKG_BMS_IOT\sc_app\..\sc_tool\cross_tool\gcc-arm-none-eabi\lib\gcc\arm-none-eabi\7.3.1\thumb\v7-ar\libgcc.a(_udivmoddi4.o)

.stabstr        0x00000000       0xdf
 .stabstr       0x00000000       0xdf E:\BMS_IOT\Firmware\PKG_BMS_IOT\sc_app\..\sc_tool\cross_tool\gcc-arm-none-eabi\arm-none-eabi\lib\thumb\v7-ar\libnosys.a(close.o)
